Archive member included to satisfy reference by file (symbol)

/opt/st/stm32cubeide_1.8.0/plugins/com.st.stm32cube.ide.mcu.externaltools.gnu-tools-for-stm32.9-2020-q2-update.linux64_2.0.0.202105311346/tools/bin/../lib/gcc/arm-none-eabi/9.3.1/../../../../arm-none-eabi/lib/thumb/v7e-m+fp/hard/libstdc++_nano.a(del_op.o)
                              ./Core/Src/Kinematic.o (operator delete(void*))
/opt/st/stm32cubeide_1.8.0/plugins/com.st.stm32cube.ide.mcu.externaltools.gnu-tools-for-stm32.9-2020-q2-update.linux64_2.0.0.202105311346/tools/bin/../lib/gcc/arm-none-eabi/9.3.1/../../../../arm-none-eabi/lib/thumb/v7e-m+fp/hard/libstdc++_nano.a(new_op.o)
                              ./Core/Src/Kinematic.o (operator new(unsigned int))
/opt/st/stm32cubeide_1.8.0/plugins/com.st.stm32cube.ide.mcu.externaltools.gnu-tools-for-stm32.9-2020-q2-update.linux64_2.0.0.202105311346/tools/bin/../lib/gcc/arm-none-eabi/9.3.1/../../../../arm-none-eabi/lib/thumb/v7e-m+fp/hard/libstdc++_nano.a(functexcept.o)
                              ./Core/Src/Kinematic.o (std::__throw_bad_alloc())
/opt/st/stm32cubeide_1.8.0/plugins/com.st.stm32cube.ide.mcu.externaltools.gnu-tools-for-stm32.9-2020-q2-update.linux64_2.0.0.202105311346/tools/bin/../lib/gcc/arm-none-eabi/9.3.1/../../../../arm-none-eabi/lib/thumb/v7e-m+fp/hard/libstdc++_nano.a(snprintf_lite.o)
                              /opt/st/stm32cubeide_1.8.0/plugins/com.st.stm32cube.ide.mcu.externaltools.gnu-tools-for-stm32.9-2020-q2-update.linux64_2.0.0.202105311346/tools/bin/../lib/gcc/arm-none-eabi/9.3.1/../../../../arm-none-eabi/lib/thumb/v7e-m+fp/hard/libstdc++_nano.a(functexcept.o) (__gnu_cxx::__snprintf_lite(char*, unsigned int, char const*, std::__va_list))
/opt/st/stm32cubeide_1.8.0/plugins/com.st.stm32cube.ide.mcu.externaltools.gnu-tools-for-stm32.9-2020-q2-update.linux64_2.0.0.202105311346/tools/bin/../lib/gcc/arm-none-eabi/9.3.1/../../../../arm-none-eabi/lib/thumb/v7e-m+fp/hard/libstdc++_nano.a(new_handler.o)
                              /opt/st/stm32cubeide_1.8.0/plugins/com.st.stm32cube.ide.mcu.externaltools.gnu-tools-for-stm32.9-2020-q2-update.linux64_2.0.0.202105311346/tools/bin/../lib/gcc/arm-none-eabi/9.3.1/../../../../arm-none-eabi/lib/thumb/v7e-m+fp/hard/libstdc++_nano.a(new_op.o) (std::get_new_handler())
/opt/st/stm32cubeide_1.8.0/plugins/com.st.stm32cube.ide.mcu.externaltools.gnu-tools-for-stm32.9-2020-q2-update.linux64_2.0.0.202105311346/tools/bin/../lib/gcc/arm-none-eabi/9.3.1/../../../../arm-none-eabi/lib/thumb/v7e-m+fp/hard/libm.a(lib_a-s_cos.o)
                              ./Core/Src/Kinematic.o (cos)
/opt/st/stm32cubeide_1.8.0/plugins/com.st.stm32cube.ide.mcu.externaltools.gnu-tools-for-stm32.9-2020-q2-update.linux64_2.0.0.202105311346/tools/bin/../lib/gcc/arm-none-eabi/9.3.1/../../../../arm-none-eabi/lib/thumb/v7e-m+fp/hard/libm.a(lib_a-s_sin.o)
                              ./Core/Src/Kinematic.o (sin)
/opt/st/stm32cubeide_1.8.0/plugins/com.st.stm32cube.ide.mcu.externaltools.gnu-tools-for-stm32.9-2020-q2-update.linux64_2.0.0.202105311346/tools/bin/../lib/gcc/arm-none-eabi/9.3.1/../../../../arm-none-eabi/lib/thumb/v7e-m+fp/hard/libm.a(lib_a-sf_cos.o)
                              ./Core/Src/Kinematic.o (cosf)
/opt/st/stm32cubeide_1.8.0/plugins/com.st.stm32cube.ide.mcu.externaltools.gnu-tools-for-stm32.9-2020-q2-update.linux64_2.0.0.202105311346/tools/bin/../lib/gcc/arm-none-eabi/9.3.1/../../../../arm-none-eabi/lib/thumb/v7e-m+fp/hard/libm.a(lib_a-sf_sin.o)
                              ./Core/Src/Kinematic.o (sinf)
/opt/st/stm32cubeide_1.8.0/plugins/com.st.stm32cube.ide.mcu.externaltools.gnu-tools-for-stm32.9-2020-q2-update.linux64_2.0.0.202105311346/tools/bin/../lib/gcc/arm-none-eabi/9.3.1/../../../../arm-none-eabi/lib/thumb/v7e-m+fp/hard/libm.a(lib_a-w_fmod.o)
                              ./Core/Src/Kinematic.o (fmod)
/opt/st/stm32cubeide_1.8.0/plugins/com.st.stm32cube.ide.mcu.externaltools.gnu-tools-for-stm32.9-2020-q2-update.linux64_2.0.0.202105311346/tools/bin/../lib/gcc/arm-none-eabi/9.3.1/../../../../arm-none-eabi/lib/thumb/v7e-m+fp/hard/libm.a(lib_a-w_sqrt.o)
                              ./Core/Src/Kinematic.o (sqrt)
/opt/st/stm32cubeide_1.8.0/plugins/com.st.stm32cube.ide.mcu.externaltools.gnu-tools-for-stm32.9-2020-q2-update.linux64_2.0.0.202105311346/tools/bin/../lib/gcc/arm-none-eabi/9.3.1/../../../../arm-none-eabi/lib/thumb/v7e-m+fp/hard/libm.a(lib_a-e_fmod.o)
                              /opt/st/stm32cubeide_1.8.0/plugins/com.st.stm32cube.ide.mcu.externaltools.gnu-tools-for-stm32.9-2020-q2-update.linux64_2.0.0.202105311346/tools/bin/../lib/gcc/arm-none-eabi/9.3.1/../../../../arm-none-eabi/lib/thumb/v7e-m+fp/hard/libm.a(lib_a-w_fmod.o) (__ieee754_fmod)
/opt/st/stm32cubeide_1.8.0/plugins/com.st.stm32cube.ide.mcu.externaltools.gnu-tools-for-stm32.9-2020-q2-update.linux64_2.0.0.202105311346/tools/bin/../lib/gcc/arm-none-eabi/9.3.1/../../../../arm-none-eabi/lib/thumb/v7e-m+fp/hard/libm.a(lib_a-e_rem_pio2.o)
[...]
Memory Configuration

Name             Origin             Length             Attributes
CCMRAM           0x0000000010000000 0x0000000000010000 xrw
RAM              0x0000000020000000 0x0000000000020000 xrw
FLASH            0x0000000008000000 0x0000000000100000 xr
*default*        0x0000000000000000 0xffffffffffffffff

Linker script and memory map

LOAD /opt/st/stm32cubeide_1.8.0/plugins/com.st.stm32cube.ide.mcu.externaltools.gnu-tools-for-stm32.9-2020-q2-update.linux64_2.0.0.202105311346/tools/bin/../lib/gcc/arm-none-eabi/9.3.1/thumb/v7e-m+fp/hard/crti.o
LOAD /opt/st/stm32cubeide_1.8.0/plugins/com.st.stm32cube.ide.mcu.externaltools.gnu-tools-for-stm32.9-2020-q2-update.linux64_2.0.0.202105311346/tools/bin/../lib/gcc/arm-none-eabi/9.3.1/thumb/v7e-m+fp/hard/crtbegin.o
LOAD /opt/st/stm32cubeide_1.8.0/plugins/com.st.stm32cube.ide.mcu.externaltools.gnu-tools-for-stm32.9-2020-q2-update.linux64_2.0.0.202105311346/tools/bin/../lib/gcc/arm-none-eabi/9.3.1/../../../../arm-none-eabi/lib/thumb/v7e-m+fp/hard/crt0.o
LOAD ./Core/Src/Encoder.o
LOAD ./Core/Src/IMU_GY25.o
LOAD ./Core/Src/Kinematic.o
LOAD ./Core/Src/main.o
LOAD ./Core/Src/mainpp.o
LOAD ./Core/Src/motor.o
LOAD ./Core/Src/stm32f4xx_hal_msp.o
LOAD ./Core/Src/stm32f4xx_it.o
LOAD ./Core/Src/syscalls.o
LOAD ./Core/Src/sysmem.o
LOAD ./Core/Src/system_stm32f4xx.o
LOAD ./Core/Startup/startup_stm32f407vgtx.o
LOAD ./Drivers/STM32F4xx_HAL_Driver/Src/stm32f4xx_hal.o
LOAD ./Drivers/STM32F4xx_HAL_Driver/Src/stm32f4xx_hal_adc.o
LOAD ./Drivers/STM32F4xx_HAL_Driver/Src/stm32f4xx_hal_adc_ex.o
LOAD ./Drivers/STM32F4xx_HAL_Driver/Src/stm32f4xx_hal_cortex.o
LOAD ./Drivers/STM32F4xx_HAL_Driver/Src/stm32f4xx_hal_dma.o
LOAD ./Drivers/STM32F4xx_HAL_Driver/Src/stm32f4xx_hal_dma_ex.o
LOAD ./Drivers/STM32F4xx_HAL_Driver/Src/stm32f4xx_hal_exti.o
LOAD ./Drivers/STM32F4xx_HAL_Driver/Src/stm32f4xx_hal_flash.o
LOAD ./Drivers/STM32F4xx_HAL_Driver/Src/stm32f4xx_hal_flash_ex.o
LOAD ./Drivers/STM32F4xx_HAL_Driver/Src/stm32f4xx_hal_flash_ramfunc.o
LOAD ./Drivers/STM32F4xx_HAL_Driver/Src/stm32f4xx_hal_gpio.o
LOAD ./Drivers/STM32F4xx_HAL_Driver/Src/stm32f4xx_hal_pcd.o
LOAD ./Drivers/STM32F4xx_HAL_Driver/Src/stm32f4xx_hal_pcd_ex.o
LOAD ./Drivers/STM32F4xx_HAL_Driver/Src/stm32f4xx_hal_pwr.o
LOAD ./Drivers/STM32F4xx_HAL_Driver/Src/stm32f4xx_hal_pwr_ex.o
LOAD ./Drivers/STM32F4xx_HAL_Driver/Src/stm32f4xx_hal_rcc.o
LOAD ./Drivers/STM32F4xx_HAL_Driver/Src/stm32f4xx_hal_rcc_ex.o
LOAD ./Drivers/STM32F4xx_HAL_Driver/Src/stm32f4xx_hal_tim.o
LOAD ./Drivers/STM32F4xx_HAL_Driver/Src/stm32f4xx_hal_tim_ex.o
LOAD ./Drivers/STM32F4xx_HAL_Driver/Src/stm32f4xx_hal_uart.o
LOAD ./Drivers/STM32F4xx_HAL_Driver/Src/stm32f4xx_ll_adc.o
LOAD ./Drivers/STM32F4xx_HAL_Driver/Src/stm32f4xx_ll_usb.o
LOAD ./Middlewares/ST/STM32_USB_Device_Library/Class/CDC/Src/usbd_cdc.o
LOAD ./Middlewares/ST/STM32_USB_Device_Library/Core/Src/usbd_core.o
LOAD ./Middlewares/ST/STM32_USB_Device_Library/Core/Src/usbd_ctlreq.o
LOAD ./Middlewares/ST/STM32_USB_Device_Library/Core/Src/usbd_ioreq.o
LOAD ./USB_DEVICE/App/usb_device.o
LOAD ./USB_DEVICE/App/usbd_cdc_if.o
LOAD ./USB_DEVICE/App/usbd_desc.o
LOAD ./USB_DEVICE/Target/usbd_conf.o
START GROUP
LOAD /opt/st/stm32cubeide_1.8.0/plugins/com.st.stm32cube.ide.mcu.externaltools.gnu-tools-for-stm32.9-2020-q2-update.linux64_2.0.0.202105311346/tools/bin/../lib/gcc/arm-none-eabi/9.3.1/../../../../arm-none-eabi/lib/thumb/v7e-m+fp/hard/libstdc++_nano.a
LOAD /opt/st/stm32cubeide_1.8.0/plugins/com.st.stm32cube.ide.mcu.externaltools.gnu-tools-for-stm32.9-2020-q2-update.linux64_2.0.0.202105311346/tools/bin/../lib/gcc/arm-none-eabi/9.3.1/../../../../arm-none-eabi/lib/thumb/v7e-m+fp/hard/libsupc++_nano.a
END GROUP
LOAD /opt/st/stm32cubeide_1.8.0/plugins/com.st.stm32cube.ide.mcu.externaltools.gnu-tools-for-stm32.9-2020-q2-update.linux64_2.0.0.202105311346/tools/bin/../lib/gcc/arm-none-eabi/9.3.1/../../../../arm-none-eabi/lib/thumb/v7e-m+fp/hard/libstdc++_nano.a
LOAD /opt/st/stm32cubeide_1.8.0/plugins/com.st.stm32cube.ide.mcu.externaltools.gnu-tools-for-stm32.9-2020-q2-update.linux64_2.0.0.202105311346/tools/bin/../lib/gcc/arm-none-eabi/9.3.1/../../../../arm-none-eabi/lib/thumb/v7e-m+fp/hard/libm.a
LOAD /opt/st/stm32cubeide_1.8.0/plugins/com.st.stm32cube.ide.mcu.externaltools.gnu-tools-for-stm32.9-2020-q2-update.linux64_2.0.0.202105311346/tools/bin/../lib/gcc/arm-none-eabi/9.3.1/../../../../arm-none-eabi/lib/thumb/v7e-m+fp/hard/libc_nano.a
START GROUP
LOAD /opt/st/stm32cubeide_1.8.0/plugins/com.st.stm32cube.ide.mcu.externaltools.gnu-tools-for-stm32.9-2020-q2-update.linux64_2.0.0.202105311346/tools/bin/../lib/gcc/arm-none-eabi/9.3.1/thumb/v7e-m+fp/hard/libgcc.a
LOAD /opt/st/stm32cubeide_1.8.0/plugins/com.st.stm32cube.ide.mcu.externaltools.gnu-tools-for-stm32.9-2020-q2-update.linux64_2.0.0.202105311346/tools/bin/../lib/gcc/arm-none-eabi/9.3.1/../../../../arm-none-eabi/lib/thumb/v7e-m+fp/hard/libc_nano.a
END GROUP
START GROUP
LOAD /opt/st/stm32cubeide_1.8.0/plugins/com.st.stm32cube.ide.mcu.externaltools.gnu-tools-for-stm32.9-2020-q2-update.linux64_2.0.0.202105311346/tools/bin/../lib/gcc/arm-none-eabi/9.3.1/thumb/v7e-m+fp/hard/libgcc.a
LOAD /opt/st/stm32cubeide_1.8.0/plugins/com.st.stm32cube.ide.mcu.externaltools.gnu-tools-for-stm32.9-2020-q2-update.linux64_2.0.0.202105311346/tools/bin/../lib/gcc/arm-none-eabi/9.3.1/../../../../arm-none-eabi/lib/thumb/v7e-m+fp/hard/libc_nano.a
LOAD /opt/st/stm32cubeide_1.8.0/plugins/com.st.stm32cube.ide.mcu.externaltools.gnu-tools-for-stm32.9-2020-q2-update.linux64_2.0.0.202105311346/tools/bin/../lib/gcc/arm-none-eabi/9.3.1/../../../../arm-none-eabi/lib/thumb/v7e-m+fp/hard/libnosys.a
END GROUP
START GROUP
LOAD /opt/st/stm32cubeide_1.8.0/plugins/com.st.stm32cube.ide.mcu.externaltools.gnu-tools-for-stm32.9-2020-q2-update.linux64_2.0.0.202105311346/tools/bin/../lib/gcc/arm-none-eabi/9.3.1/thumb/v7e-m+fp/hard/libgcc.a
LOAD /opt/st/stm32cubeide_1.8.0/plugins/com.st.stm32cube.ide.mcu.externaltools.gnu-tools-for-stm32.9-2020-q2-update.linux64_2.0.0.202105311346/tools/bin/../lib/gcc/arm-none-eabi/9.3.1/../../../../arm-none-eabi/lib/thumb/v7e-m+fp/hard/libc_nano.a
LOAD /opt/st/stm32cubeide_1.8.0/plugins/com.st.stm32cube.ide.mcu.externaltools.gnu-tools-for-stm32.9-2020-q2-update.linux64_2.0.0.202105311346/tools/bin/../lib/gcc/arm-none-eabi/9.3.1/../../../../arm-none-eabi/lib/thumb/v7e-m+fp/hard/libnosys.a
END GROUP
LOAD /opt/st/stm32cubeide_1.8.0/plugins/com.st.stm32cube.ide.mcu.externaltools.gnu-tools-for-stm32.9-2020-q2-update.linux64_2.0.0.202105311346/tools/bin/../lib/gcc/arm-none-eabi/9.3.1/thumb/v7e-m+fp/hard/crtend.o
LOAD /opt/st/stm32cubeide_1.8.0/plugins/com.st.stm32cube.ide.mcu.externaltools.gnu-tools-for-stm32.9-2020-q2-update.linux64_2.0.0.202105311346/tools/bin/../lib/gcc/arm-none-eabi/9.3.1/thumb/v7e-m+fp/hard/crtn.o
                0x0000000020020000                _estack = (ORIGIN (RAM) + LENGTH (RAM))
                0x0000000000000200                _Min_Heap_Size = 0x200
                0x0000000000000400                _Min_Stack_Size = 0x400

.isr_vector     0x0000000008000000      0x188
                0x0000000008000000                . = ALIGN (0x4)
 *(.isr_vector)
 .isr_vector    0x0000000008000000      0x188 ./Core/Startup/startup_stm32f407vgtx.o
                0x0000000008000000                g_pfnVectors
                0x0000000008000188                . = ALIGN (0x4)

.text           0x0000000008000188     0xf658
                0x0000000008000188                . = ALIGN (0x4)
 *(.text)
 .text          0x0000000008000188       0x40 /opt/st/stm32cubeide_1.8.0/plugins/com.st.stm32cube.ide.mcu.externaltools.gnu-tools-for-stm32.9-2020-q2-update.linux64_2.0.0.202105311346/tools/bin/../lib/gcc/arm-none-eabi/9.3.1/thumb/v7e-m+fp/hard/crtbegin.o
 .text          0x00000000080001c8      0x378 /opt/st/stm32cubeide_1.8.0/plugins/com.st.stm32cube.ide.mcu.externaltools.gnu-tools-for-stm32.9-2020-q2-update.linux64_2.0.0.202105311346/tools/bin/../lib/gcc/arm-none-eabi/9.3.1/thumb/v7e-m+fp/hard/libgcc.a(_arm_addsubdf3.o)
                0x00000000080001c8                __aeabi_drsub
                0x00000000080001d0                __aeabi_dsub
                0x00000000080001d0                __subdf3
                0x00000000080001d4                __adddf3
                0x00000000080001d4                __aeabi_dadd
                0x000000000800044c                __aeabi_ui2d
                0x000000000800044c                __floatunsidf
                0x000000000800046c                __floatsidf
                0x000000000800046c                __aeabi_i2d
                0x0000000008000490                __extendsfdf2
                0x0000000008000490                __aeabi_f2d
                0x00000000080004d4                __aeabi_ul2d
                0x00000000080004d4                __floatundidf
                0x00000000080004e4                __floatdidf
                0x00000000080004e4                __aeabi_l2d
 .text          0x0000000008000540      0x424 /opt/st/stm32cubeide_1.8.0/plugins/com.st.stm32cube.ide.mcu.externaltools.gnu-tools-for-stm32.9-2020-q2-update.linux64_2.0.0.202105311346/tools/bin/../lib/gcc/arm-none-eabi/9.3.1/thumb/v7e-m+fp/hard/libgcc.a(_arm_muldivdf3.o)
                0x0000000008000540                __aeabi_dmul
                0x0000000008000540                __muldf3
                0x0000000008000794                __aeabi_ddiv
                0x0000000008000794                __divdf3
 .text          0x0000000008000964      0x110 /opt/st/stm32cubeide_1.8.0/plugins/com.st.stm32cube.ide.mcu.externaltools.gnu-tools-for-stm32.9-2020-q2-update.linux64_2.0.0.202105311346/tools/bin/../lib/gcc/arm-none-eabi/9.3.1/thumb/v7e-m+fp/hard/libgcc.a(_arm_cmpdf2.o)
                0x0000000008000964                __gtdf2
                0x0000000008000964                __gedf2
                0x000000000800096c                __ltdf2
                0x000000000800096c                __ledf2
                0x0000000008000974                __cmpdf2
                0x0000000008000974                __eqdf2
                0x0000000008000974                __nedf2
                0x00000000080009f0                __aeabi_cdrcmple
                0x0000000008000a00                __aeabi_cdcmple
                0x0000000008000a00                __aeabi_cdcmpeq
                0x0000000008000a10                __aeabi_dcmpeq
                0x0000000008000a24                __aeabi_dcmplt
                0x0000000008000a38                __aeabi_dcmple
                0x0000000008000a4c                __aeabi_dcmpge
                0x0000000008000a60                __aeabi_dcmpgt
 .text          0x0000000008000a74       0x2c /opt/st/stm32cubeide_1.8.0/plugins/com.st.stm32cube.ide.mcu.externaltools.gnu-tools-for-stm32.9-2020-q2-update.linux64_2.0.0.202105311346/tools/bin/../lib/gcc/arm-none-eabi/9.3.1/thumb/v7e-m+fp/hard/libgcc.a(_arm_unorddf2.o)
                0x0000000008000a74                __aeabi_dcmpun
                0x0000000008000a74                __unorddf2
 .text          0x0000000008000aa0       0x50 /opt/st/stm32cubeide_1.8.0/plugins/com.st.stm32cube.ide.mcu.externaltools.gnu-tools-for-stm32.9-2020-q2-update.linux64_2.0.0.202105311346/tools/bin/../lib/gcc/arm-none-eabi/9.3.1/thumb/v7e-m+fp/hard/libgcc.a(_arm_fixdfsi.o)
                0x0000000008000aa0                __fixdfsi
                0x0000000008000aa0                __aeabi_d2iz
 .text          0x0000000008000af0       0xa0 /opt/st/stm32cubeide_1.8.0/plugins/com.st.stm32cube.ide.mcu.externaltools.gnu-tools-for-stm32.9-2020-q2-update.linux64_2.0.0.202105311346/tools/bin/../lib/gcc/arm-none-eabi/9.3.1/thumb/v7e-m+fp/hard/libgcc.a(_arm_truncdfsf2.o)
                0x0000000008000af0                __aeabi_d2f
                0x0000000008000af0                __truncdfsf2
 .text          0x0000000008000b90       0x30 /opt/st/stm32cubeide_1.8.0/plugins/com.st.stm32cube.ide.mcu.externaltools.gnu-tools-for-stm32.9-2020-q2-update.linux64_2.0.0.202105311346/tools/bin/../lib/gcc/arm-none-eabi/9.3.1/thumb/v7e-m+fp/hard/libgcc.a(_aeabi_uldivmod.o)
                0x0000000008000b90                __aeabi_uldivmod
 .text          0x0000000008000bc0      0x2c4 /opt/st/stm32cubeide_1.8.0/plugins/com.st.stm32cube.ide.mcu.externaltools.gnu-tools-for-stm32.9-2020-q2-update.linux64_2.0.0.202105311346/tools/bin/../lib/gcc/arm-none-eabi/9.3.1/thumb/v7e-m+fp/hard/libgcc.a(_udivmoddi4.o)
                0x0000000008000bc0                __udivmoddi4
 .text          0x0000000008000e84        0x4 /opt/st/stm32cubeide_1.8.0/plugins/com.st.stm32cube.ide.mcu.externaltools.gnu-tools-for-stm32.9-2020-q2-update.linux64_2.0.0.202105311346/tools/bin/../lib/gcc/arm-none-eabi/9.3.1/thumb/v7e-m+fp/hard/libgcc.a(_dvmd_tls.o)
                0x0000000008000e84                __aeabi_ldiv0
                0x0000000008000e84                __aeabi_idiv0
 *(.text*)
 .text._ZN7EncoderC2EP12GPIO_TypeDefS1_tt
                0x0000000008000e88       0x46 ./Core/Src/Encoder.o
                0x0000000008000e88                Encoder::Encoder(GPIO_TypeDef*, GPIO_TypeDef*, unsigned short, unsigned short)
                0x0000000008000e88                Encoder::Encoder(GPIO_TypeDef*, GPIO_TypeDef*, unsigned short, unsigned short)
 .text._ZN7Encoder7ReadPinEv
                0x0000000008000ece       0x50 ./Core/Src/Encoder.o
                0x0000000008000ece                Encoder::ReadPin()
 .text._ZN7Encoder8CountingEv
                0x0000000008000f1e       0x46 ./Core/Src/Encoder.o
                0x0000000008000f1e                Encoder::Counting()
 .text._ZN7Encoder15CountingReverseEv
                0x0000000008000f64       0x46 ./Core/Src/Encoder.o
                0x0000000008000f64                Encoder::CountingReverse()
 .text._ZN7Encoder10GetCounterEv
                0x0000000008000faa       0x18 ./Core/Src/Encoder.o
                0x0000000008000faa                Encoder::GetCounter()
 *fill*         0x0000000008000fc2        0x2 
 .text._ZN8IMU_GY2512KalibrasiImuEv
                0x0000000008000fc4       0x80 ./Core/Src/IMU_GY25.o
                0x0000000008000fc4                IMU_GY25::KalibrasiImu()
 .text._ZN8IMU_GY2513processingIMUEi
                0x0000000008001044       0x2a ./Core/Src/IMU_GY25.o
                0x0000000008001044                IMU_GY25::processingIMU(int)
 .text._ZSt3cosf
                0x000000000800106e       0x20 ./Core/Src/Kinematic.o
                0x000000000800106e                std::cos(float)
 .text._ZSt3sinf
                0x000000000800108e       0x20 ./Core/Src/Kinematic.o
                0x000000000800108e                std::sin(float)
 .text._ZN9kinematic5MotorC2Ev
                0x00000000080010ae       0x16 ./Core/Src/Kinematic.o
                0x00000000080010ae                kinematic::Motor::Motor()
                0x00000000080010ae                kinematic::Motor::Motor()
 .text._ZSt4sqrtIiEN9__gnu_cxx11__enable_ifIXsrSt12__is_integerIT_E7__valueEdE6__typeES3_
                0x00000000080010c4       0x30 ./Core/Src/Kinematic.o
                0x00000000080010c4                __gnu_cxx::__enable_if<std::__is_integer<int>::__value, double>::__type std::sqrt<int>(int)
 *fill*         0x00000000080010f4        0x4 
 .text._ZN9kinematic5Motor8calcOdomEv
                0x00000000080010f8      0x46c ./Core/Src/Kinematic.o
                0x00000000080010f8                kinematic::Motor::calcOdom()
 *fill*         0x0000000008001564        0x4 
 .text._ZN9kinematic5Motor16inverseKinematicEfffR7Point2D
                0x0000000008001568      0x318 ./Core/Src/Kinematic.o
                0x0000000008001568                kinematic::Motor::inverseKinematic(float, float, float, Point2D&)
 .text._ZNSaIdEC2Ev
                0x0000000008001880       0x18 ./Core/Src/Kinematic.o
                0x0000000008001880                std::allocator<double>::allocator()
                0x0000000008001880                std::allocator<double>::allocator()
 .text._ZNSaIdED2Ev
                0x0000000008001898       0x18 ./Core/Src/Kinematic.o
                0x0000000008001898                std::allocator<double>::~allocator()
                0x0000000008001898                std::allocator<double>::~allocator()
 .text._ZNSt6vectorIdSaIdEEC2ESt16initializer_listIdERKS0_
                0x00000000080018b0       0x42 ./Core/Src/Kinematic.o
                0x00000000080018b0                std::vector<double, std::allocator<double> >::vector(std::initializer_list<double>, std::allocator<double> const&)
                0x00000000080018b0                std::vector<double, std::allocator<double> >::vector(std::initializer_list<double>, std::allocator<double> const&)
 .text._ZNSt6vectorIdSaIdEEixEj
                0x00000000080018f2       0x20 ./Core/Src/Kinematic.o
                0x00000000080018f2                std::vector<double, std::allocator<double> >::operator[](unsigned int)
 .text._ZSt4fmodIfdEN9__gnu_cxx11__promote_2IT_T0_NS0_9__promoteIS2_XsrSt12__is_integerIS2_E7__valueEE6__typeENS4_IS3_XsrS5_IS3_E7__valueEE6__typeEE6__typeES2_S3_
                0x0000000008001912       0x3a ./Core/Src/Kinematic.o
                0x0000000008001912                __gnu_cxx::__promote_2<float, double, __gnu_cxx::__promote<float, std::__is_integer<float>::__value>::__type, __gnu_cxx::__promote<double, std::__is_integer<double>::__value>::__type>::__type std::fmod<float, double>(float, double)
 .text._ZN9__gnu_cxx14__alloc_traitsISaIdEdE27_S_propagate_on_copy_assignEv
                0x000000000800194c       0x10 ./Core/Src/Kinematic.o
                0x000000000800194c                __gnu_cxx::__alloc_traits<std::allocator<double>, double>::_S_propagate_on_copy_assign()
 .text._ZN9__gnu_cxx14__alloc_traitsISaIdEdE15_S_always_equalEv
                0x000000000800195c       0x10 ./Core/Src/Kinematic.o
                0x000000000800195c                __gnu_cxx::__alloc_traits<std::allocator<double>, double>::_S_always_equal()
 .text._ZNSt6vectorIdSaIdEEaSERKS1_
                0x000000000800196c      0x1ea ./Core/Src/Kinematic.o
                0x000000000800196c                std::vector<double, std::allocator<double> >::operator=(std::vector<double, std::allocator<double> > const&)
 .text._ZN9__gnu_cxx13new_allocatorIdEC2Ev
                0x0000000008001b56       0x16 ./Core/Src/Kinematic.o
                0x0000000008001b56                __gnu_cxx::new_allocator<double>::new_allocator()
                0x0000000008001b56                __gnu_cxx::new_allocator<double>::new_allocator()
 .text._ZN9__gnu_cxx13new_allocatorIdED2Ev
                0x0000000008001b6c       0x16 ./Core/Src/Kinematic.o
                0x0000000008001b6c                __gnu_cxx::new_allocator<double>::~new_allocator()
                0x0000000008001b6c                __gnu_cxx::new_allocator<double>::~new_allocator()
 .text._ZNSt12_Vector_baseIdSaIdEE12_Vector_implD2Ev
                0x0000000008001b82       0x18 ./Core/Src/Kinematic.o
                0x0000000008001b82                std::_Vector_base<double, std::allocator<double> >::_Vector_impl::~_Vector_impl()
                0x0000000008001b82                std::_Vector_base<double, std::allocator<double> >::_Vector_impl::~_Vector_impl()
 .text._ZNSt12_Vector_baseIdSaIdEEC2ERKS0_
                0x0000000008001b9a       0x1e ./Core/Src/Kinematic.o
                0x0000000008001b9a                std::_Vector_base<double, std::allocator<double> >::_Vector_base(std::allocator<double> const&)
                0x0000000008001b9a                std::_Vector_base<double, std::allocator<double> >::_Vector_base(std::allocator<double> const&)
 .text._ZNSt12_Vector_baseIdSaIdEED2Ev
                0x0000000008001bb8       0x32 ./Core/Src/Kinematic.o
                0x0000000008001bb8                std::_Vector_base<double, std::allocator<double> >::~_Vector_base()
                0x0000000008001bb8                std::_Vector_base<double, std::allocator<double> >::~_Vector_base()
 .text._ZNKSt16initializer_listIdE5beginEv
                0x0000000008001bea       0x18 ./Core/Src/Kinematic.o
                0x0000000008001bea                std::initializer_list<double>::begin() const
 .text._ZNKSt16initializer_listIdE3endEv
                0x0000000008001c02       0x24 ./Core/Src/Kinematic.o
                0x0000000008001c02                std::initializer_list<double>::end() const
 .text._ZNSt6vectorIdSaIdEE19_M_range_initializeIPKdEEvT_S5_St20forward_iterator_tag
                0x0000000008001c26       0x72 ./Core/Src/Kinematic.o
                0x0000000008001c26                void std::vector<double, std::allocator<double> >::_M_range_initialize<double const*>(double const*, double const*, std::forward_iterator_tag)
 .text._ZNSt12_Vector_baseIdSaIdEE19_M_get_Tp_allocatorEv
                0x0000000008001c98       0x16 ./Core/Src/Kinematic.o
                0x0000000008001c98                std::_Vector_base<double, std::allocator<double> >::_M_get_Tp_allocator()
 .text._ZNKSt12_Vector_baseIdSaIdEE19_M_get_Tp_allocatorEv
                0x0000000008001cae       0x16 ./Core/Src/Kinematic.o
                0x0000000008001cae                std::_Vector_base<double, std::allocator<double> >::_M_get_Tp_allocator() const
 .text._ZStneRKSaIdES1_
                0x0000000008001cc4       0x18 ./Core/Src/Kinematic.o
                0x0000000008001cc4                std::operator!=(std::allocator<double> const&, std::allocator<double> const&)
 .text._ZNSt6vectorIdSaIdEE5clearEv
                0x0000000008001cdc       0x1c ./Core/Src/Kinematic.o
                0x0000000008001cdc                std::vector<double, std::allocator<double> >::clear()
 .text._ZNSt12_Vector_baseIdSaIdEE13_M_deallocateEPdj
                0x0000000008001cf8       0x26 ./Core/Src/Kinematic.o
                0x0000000008001cf8                std::_Vector_base<double, std::allocator<double> >::_M_deallocate(double*, unsigned int)
 .text._ZSt15__alloc_on_copyISaIdEEvRT_RKS1_
                0x0000000008001d1e       0x1c ./Core/Src/Kinematic.o
                0x0000000008001d1e                void std::__alloc_on_copy<std::allocator<double> >(std::allocator<double>&, std::allocator<double> const&)
 .text._ZNKSt6vectorIdSaIdEE4sizeEv
                0x0000000008001d3a       0x20 ./Core/Src/Kinematic.o
                0x0000000008001d3a                std::vector<double, std::allocator<double> >::size() const
 .text._ZNKSt6vectorIdSaIdEE8capacityEv
                0x0000000008001d5a       0x20 ./Core/Src/Kinematic.o
                0x0000000008001d5a                std::vector<double, std::allocator<double> >::capacity() const
 .text._ZNKSt6vectorIdSaIdEE5beginEv
                0x0000000008001d7a       0x28 ./Core/Src/Kinematic.o
                0x0000000008001d7a                std::vector<double, std::allocator<double> >::begin() const
 .text._ZNKSt6vectorIdSaIdEE3endEv
                0x0000000008001da2       0x28 ./Core/Src/Kinematic.o
                0x0000000008001da2                std::vector<double, std::allocator<double> >::end() const
 .text._ZNSt6vectorIdSaIdEE20_M_allocate_and_copyIN9__gnu_cxx17__normal_iteratorIPKdS1_EEEEPdjT_S9_
                0x0000000008001dca       0x38 ./Core/Src/Kinematic.o
                0x0000000008001dca                double* std::vector<double, std::allocator<double> >::_M_allocate_and_copy<__gnu_cxx::__normal_iterator<double const*, std::vector<double, std::allocator<double> > > >(unsigned int, __gnu_cxx::__normal_iterator<double const*, std::vector<double, std::allocator<double> > >, __gnu_cxx::__normal_iterator<double const*, std::vector<double, std::allocator<double> > >)
 .text._ZSt8_DestroyIPddEvT_S1_RSaIT0_E
                0x0000000008001e02       0x1c ./Core/Src/Kinematic.o
                0x0000000008001e02                void std::_Destroy<double*, double>(double*, double*, std::allocator<double>&)
 .text._ZNSt6vectorIdSaIdEE5beginEv
                0x0000000008001e1e       0x20 ./Core/Src/Kinematic.o
                0x0000000008001e1e                std::vector<double, std::allocator<double> >::begin()
 .text._ZSt4copyIN9__gnu_cxx17__normal_iteratorIPKdSt6vectorIdSaIdEEEENS1_IPdS6_EEET0_T_SB_SA_
                0x0000000008001e3e       0x30 ./Core/Src/Kinematic.o
                0x0000000008001e3e                __gnu_cxx::__normal_iterator<double*, std::vector<double, std::allocator<double> > > std::copy<__gnu_cxx::__normal_iterator<double const*, std::vector<double, std::allocator<double> > >, __gnu_cxx::__normal_iterator<double*, std::vector<double, std::allocator<double> > > >(__gnu_cxx::__normal_iterator<double const*, std::vector<double, std::allocator<double> > >, __gnu_cxx::__normal_iterator<double const*, std::vector<double, std::allocator<double> > >, __gnu_cxx::__normal_iterator<double*, std::vector<double, std::allocator<double> > >)
 .text._ZNSt6vectorIdSaIdEE3endEv
                0x0000000008001e6e       0x22 ./Core/Src/Kinematic.o
                0x0000000008001e6e                std::vector<double, std::allocator<double> >::end()
 .text._ZSt8_DestroyIN9__gnu_cxx17__normal_iteratorIPdSt6vectorIdSaIdEEEEdEvT_S7_RSaIT0_E
                0x0000000008001e90       0x1c ./Core/Src/Kinematic.o
                0x0000000008001e90                void std::_Destroy<__gnu_cxx::__normal_iterator<double*, std::vector<double, std::allocator<double> > >, double>(__gnu_cxx::__normal_iterator<double*, std::vector<double, std::allocator<double> > >, __gnu_cxx::__normal_iterator<double*, std::vector<double, std::allocator<double> > >, std::allocator<double>&)
 .text._ZSt4copyIPdS0_ET0_T_S2_S1_
                0x0000000008001eac       0x30 ./Core/Src/Kinematic.o
                0x0000000008001eac                double* std::copy<double*, double*>(double*, double*, double*)
 .text._ZSt22__uninitialized_copy_aIPdS0_dET0_T_S2_S1_RSaIT1_E
                0x0000000008001edc       0x22 ./Core/Src/Kinematic.o
                0x0000000008001edc                double* std::__uninitialized_copy_a<double*, double*, double>(double*, double*, double*, std::allocator<double>&)
 .text._ZNSt12_Vector_baseIdSaIdEE12_Vector_implC2ERKS0_
                0x0000000008001efe       0x24 ./Core/Src/Kinematic.o
                0x0000000008001efe                std::_Vector_base<double, std::allocator<double> >::_Vector_impl::_Vector_impl(std::allocator<double> const&)
                0x0000000008001efe                std::_Vector_base<double, std::allocator<double> >::_Vector_impl::_Vector_impl(std::allocator<double> const&)
 .text._ZNKSt16initializer_listIdE4sizeEv
                0x0000000008001f22       0x18 ./Core/Src/Kinematic.o
                0x0000000008001f22                std::initializer_list<double>::size() const
 .text._ZSt8distanceIPKdENSt15iterator_traitsIT_E15difference_typeES3_S3_
                0x0000000008001f3a       0x28 ./Core/Src/Kinematic.o
                0x0000000008001f3a                std::iterator_traits<double const*>::difference_type std::distance<double const*>(double const*, double const*)
 *fill*         0x0000000008001f62        0x2 
 .text._ZNSt6vectorIdSaIdEE17_S_check_init_lenEjRKS0_
                0x0000000008001f64       0x50 ./Core/Src/Kinematic.o
                0x0000000008001f64                std::vector<double, std::allocator<double> >::_S_check_init_len(unsigned int, std::allocator<double> const&)
 .text._ZNSt12_Vector_baseIdSaIdEE11_M_allocateEj
                0x0000000008001fb4       0x28 ./Core/Src/Kinematic.o
                0x0000000008001fb4                std::_Vector_base<double, std::allocator<double> >::_M_allocate(unsigned int)
 .text._ZSt22__uninitialized_copy_aIPKdPddET0_T_S4_S3_RSaIT1_E
                0x0000000008001fdc       0x22 ./Core/Src/Kinematic.o
                0x0000000008001fdc                double* std::__uninitialized_copy_a<double const*, double*, double>(double const*, double const*, double*, std::allocator<double>&)
 .text._ZNSt6vectorIdSaIdEE15_M_erase_at_endEPd
                0x0000000008001ffe       0x42 ./Core/Src/Kinematic.o
                0x0000000008001ffe                std::vector<double, std::allocator<double> >::_M_erase_at_end(double*)
 .text._ZNSt16allocator_traitsISaIdEE10deallocateERS0_Pdj
                0x0000000008002040       0x1e ./Core/Src/Kinematic.o
                0x0000000008002040                std::allocator_traits<std::allocator<double> >::deallocate(std::allocator<double>&, double*, unsigned int)
 .text._ZSt18__do_alloc_on_copyISaIdEEvRT_RKS1_St17integral_constantIbLb0EE
                0x000000000800205e       0x18 ./Core/Src/Kinematic.o
                0x000000000800205e                void std::__do_alloc_on_copy<std::allocator<double> >(std::allocator<double>&, std::allocator<double> const&, std::integral_constant<bool, false>)
 .text._ZN9__gnu_cxx17__normal_iteratorIPKdSt6vectorIdSaIdEEEC2ERKS2_
                0x0000000008002076       0x20 ./Core/Src/Kinematic.o
                0x0000000008002076                __gnu_cxx::__normal_iterator<double const*, std::vector<double, std::allocator<double> > >::__normal_iterator(double const* const&)
                0x0000000008002076                __gnu_cxx::__normal_iterator<double const*, std::vector<double, std::allocator<double> > >::__normal_iterator(double const* const&)
 .text._ZSt22__uninitialized_copy_aIN9__gnu_cxx17__normal_iteratorIPKdSt6vectorIdSaIdEEEEPddET0_T_SA_S9_RSaIT1_E
                0x0000000008002096       0x22 ./Core/Src/Kinematic.o
                0x0000000008002096                double* std::__uninitialized_copy_a<__gnu_cxx::__normal_iterator<double const*, std::vector<double, std::allocator<double> > >, double*, double>(__gnu_cxx::__normal_iterator<double const*, std::vector<double, std::allocator<double> > >, __gnu_cxx::__normal_iterator<double const*, std::vector<double, std::allocator<double> > >, double*, std::allocator<double>&)
 .text._ZSt8_DestroyIPdEvT_S1_
                0x00000000080020b8       0x1a ./Core/Src/Kinematic.o
                0x00000000080020b8                void std::_Destroy<double*>(double*, double*)
 .text._ZN9__gnu_cxx17__normal_iteratorIPdSt6vectorIdSaIdEEEC2ERKS1_
                0x00000000080020d2       0x20 ./Core/Src/Kinematic.o
                0x00000000080020d2                __gnu_cxx::__normal_iterator<double*, std::vector<double, std::allocator<double> > >::__normal_iterator(double* const&)
                0x00000000080020d2                __gnu_cxx::__normal_iterator<double*, std::vector<double, std::allocator<double> > >::__normal_iterator(double* const&)
 .text._ZSt12__miter_baseIN9__gnu_cxx17__normal_iteratorIPKdSt6vectorIdSaIdEEEEET_S8_
                0x00000000080020f2       0x16 ./Core/Src/Kinematic.o
                0x00000000080020f2                __gnu_cxx::__normal_iterator<double const*, std::vector<double, std::allocator<double> > > std::__miter_base<__gnu_cxx::__normal_iterator<double const*, std::vector<double, std::allocator<double> > > >(__gnu_cxx::__normal_iterator<double const*, std::vector<double, std::allocator<double> > >)
 .text._ZSt14__copy_move_a2ILb0EN9__gnu_cxx17__normal_iteratorIPKdSt6vectorIdSaIdEEEENS1_IPdS6_EEET1_T0_SB_SA_
                0x0000000008002108       0x42 ./Core/Src/Kinematic.o
                0x0000000008002108                __gnu_cxx::__normal_iterator<double*, std::vector<double, std::allocator<double> > > std::__copy_move_a2<false, __gnu_cxx::__normal_iterator<double const*, std::vector<double, std::allocator<double> > >, __gnu_cxx::__normal_iterator<double*, std::vector<double, std::allocator<double> > > >(__gnu_cxx::__normal_iterator<double const*, std::vector<double, std::allocator<double> > >, __gnu_cxx::__normal_iterator<double const*, std::vector<double, std::allocator<double> > >, __gnu_cxx::__normal_iterator<double*, std::vector<double, std::allocator<double> > >)
 .text._ZSt8_DestroyIN9__gnu_cxx17__normal_iteratorIPdSt6vectorIdSaIdEEEEEvT_S7_
                0x000000000800214a       0x1a ./Core/Src/Kinematic.o
                0x000000000800214a                void std::_Destroy<__gnu_cxx::__normal_iterator<double*, std::vector<double, std::allocator<double> > > >(__gnu_cxx::__normal_iterator<double*, std::vector<double, std::allocator<double> > >, __gnu_cxx::__normal_iterator<double*, std::vector<double, std::allocator<double> > >)
 .text._ZSt12__miter_baseIPdET_S1_
                0x0000000008002164       0x16 ./Core/Src/Kinematic.o
                0x0000000008002164                double* std::__miter_base<double*>(double*)
 .text._ZSt14__copy_move_a2ILb0EPdS0_ET1_T0_S2_S1_
                0x000000000800217a       0x46 ./Core/Src/Kinematic.o
                0x000000000800217a                double* std::__copy_move_a2<false, double*, double*>(double*, double*, double*)
 .text._ZSt18uninitialized_copyIPdS0_ET0_T_S2_S1_
                0x00000000080021c0       0x24 ./Core/Src/Kinematic.o
                0x00000000080021c0                double* std::uninitialized_copy<double*, double*>(double*, double*, double*)
 .text._ZNSaIdEC2ERKS_
                0x00000000080021e4       0x1c ./Core/Src/Kinematic.o
                0x00000000080021e4                std::allocator<double>::allocator(std::allocator<double> const&)
                0x00000000080021e4                std::allocator<double>::allocator(std::allocator<double> const&)
 .text._ZNSt12_Vector_baseIdSaIdEE17_Vector_impl_dataC2Ev
                0x0000000008002200       0x28 ./Core/Src/Kinematic.o
                0x0000000008002200                std::_Vector_base<double, std::allocator<double> >::_Vector_impl_data::_Vector_impl_data()
                0x0000000008002200                std::_Vector_base<double, std::allocator<double> >::_Vector_impl_data::_Vector_impl_data()
 .text._ZSt19__iterator_categoryIPKdENSt15iterator_traitsIT_E17iterator_categoryERKS3_
                0x0000000008002228       0x14 ./Core/Src/Kinematic.o
                0x0000000008002228                std::iterator_traits<double const*>::iterator_category std::__iterator_category<double const*>(double const* const&)
 .text._ZSt10__distanceIPKdENSt15iterator_traitsIT_E15difference_typeES3_S3_St26random_access_iterator_tag
                0x000000000800223c       0x20 ./Core/Src/Kinematic.o
                0x000000000800223c                std::iterator_traits<double const*>::difference_type std::__distance<double const*>(double const*, double const*, std::random_access_iterator_tag)
 .text._ZNSt6vectorIdSaIdEE11_S_max_sizeERKS0_
                0x000000000800225c       0x34 ./Core/Src/Kinematic.o
                0x000000000800225c                std::vector<double, std::allocator<double> >::_S_max_size(std::allocator<double> const&)
 .text._ZNSt16allocator_traitsISaIdEE8allocateERS0_j
                0x0000000008002290       0x1e ./Core/Src/Kinematic.o
                0x0000000008002290                std::allocator_traits<std::allocator<double> >::allocate(std::allocator<double>&, unsigned int)
 .text._ZSt18uninitialized_copyIPKdPdET0_T_S4_S3_
                0x00000000080022ae       0x24 ./Core/Src/Kinematic.o
                0x00000000080022ae                double* std::uninitialized_copy<double const*, double*>(double const*, double const*, double*)
 .text._ZN9__gnu_cxx13new_allocatorIdE10deallocateEPdj
                0x00000000080022d2       0x1a ./Core/Src/Kinematic.o
                0x00000000080022d2                __gnu_cxx::new_allocator<double>::deallocate(double*, unsigned int)
 .text._ZSt18uninitialized_copyIN9__gnu_cxx17__normal_iteratorIPKdSt6vectorIdSaIdEEEEPdET0_T_SA_S9_
                0x00000000080022ec       0x24 ./Core/Src/Kinematic.o
                0x00000000080022ec                double* std::uninitialized_copy<__gnu_cxx::__normal_iterator<double const*, std::vector<double, std::allocator<double> > >, double*>(__gnu_cxx::__normal_iterator<double const*, std::vector<double, std::allocator<double> > >, __gnu_cxx::__normal_iterator<double const*, std::vector<double, std::allocator<double> > >, double*)
 .text._ZNSt12_Destroy_auxILb1EE9__destroyIPdEEvT_S3_
                0x0000000008002310       0x16 ./Core/Src/Kinematic.o
                0x0000000008002310                void std::_Destroy_aux<true>::__destroy<double*>(double*, double*)
 .text._ZSt12__niter_baseIPKdSt6vectorIdSaIdEEET_N9__gnu_cxx17__normal_iteratorIS5_T0_EE
                0x0000000008002326       0x1c ./Core/Src/Kinematic.o
                0x0000000008002326                double const* std::__niter_base<double const*, std::vector<double, std::allocator<double> > >(__gnu_cxx::__normal_iterator<double const*, std::vector<double, std::allocator<double> > >)
 .text._ZSt12__niter_baseIPdSt6vectorIdSaIdEEET_N9__gnu_cxx17__normal_iteratorIS4_T0_EE
                0x0000000008002342       0x1c ./Core/Src/Kinematic.o
                0x0000000008002342                double* std::__niter_base<double*, std::vector<double, std::allocator<double> > >(__gnu_cxx::__normal_iterator<double*, std::vector<double, std::allocator<double> > >)
 .text._ZSt13__copy_move_aILb0EPKdPdET1_T0_S4_S3_
                0x000000000800235e       0x24 ./Core/Src/Kinematic.o
                0x000000000800235e                double* std::__copy_move_a<false, double const*, double*>(double const*, double const*, double*)
 .text._ZSt12__niter_wrapIN9__gnu_cxx17__normal_iteratorIPdSt6vectorIdSaIdEEEES2_ET_S7_T0_
                0x0000000008002382       0x2e ./Core/Src/Kinematic.o
                0x0000000008002382                __gnu_cxx::__normal_iterator<double*, std::vector<double, std::allocator<double> > > std::__niter_wrap<__gnu_cxx::__normal_iterator<double*, std::vector<double, std::allocator<double> > >, double*>(__gnu_cxx::__normal_iterator<double*, std::vector<double, std::allocator<double> > >, double*)
 .text._ZNSt12_Destroy_auxILb1EE9__destroyIN9__gnu_cxx17__normal_iteratorIPdSt6vectorIdSaIdEEEEEEvT_S9_
                0x00000000080023b0       0x16 ./Core/Src/Kinematic.o
                0x00000000080023b0                void std::_Destroy_aux<true>::__destroy<__gnu_cxx::__normal_iterator<double*, std::vector<double, std::allocator<double> > > >(__gnu_cxx::__normal_iterator<double*, std::vector<double, std::allocator<double> > >, __gnu_cxx::__normal_iterator<double*, std::vector<double, std::allocator<double> > >)
 .text._ZSt12__niter_baseIPdET_S1_
                0x00000000080023c6       0x16 ./Core/Src/Kinematic.o
                0x00000000080023c6                double* std::__niter_base<double*>(double*)
 .text._ZSt13__copy_move_aILb0EPdS0_ET1_T0_S2_S1_
                0x00000000080023dc       0x24 ./Core/Src/Kinematic.o
                0x00000000080023dc                double* std::__copy_move_a<false, double*, double*>(double*, double*, double*)
 .text._ZSt12__niter_wrapIPdET_RKS1_S1_
                0x0000000008002400       0x18 ./Core/Src/Kinematic.o
                0x0000000008002400                double* std::__niter_wrap<double*>(double* const&, double*)
 .text._ZNSt20__uninitialized_copyILb1EE13__uninit_copyIPdS2_EET0_T_S4_S3_
                0x0000000008002418       0x20 ./Core/Src/Kinematic.o
                0x0000000008002418                double* std::__uninitialized_copy<true>::__uninit_copy<double*, double*>(double*, double*, double*)
 .text._ZN9__gnu_cxx13new_allocatorIdEC2ERKS1_
                0x0000000008002438       0x18 ./Core/Src/Kinematic.o
                0x0000000008002438                __gnu_cxx::new_allocator<double>::new_allocator(__gnu_cxx::new_allocator<double> const&)
                0x0000000008002438                __gnu_cxx::new_allocator<double>::new_allocator(__gnu_cxx::new_allocator<double> const&)
 .text._ZNSt16allocator_traitsISaIdEE8max_sizeERKS0_
                0x0000000008002450       0x18 ./Core/Src/Kinematic.o
                0x0000000008002450                std::allocator_traits<std::allocator<double> >::max_size(std::allocator<double> const&)
 .text._ZSt3minIjERKT_S2_S2_
                0x0000000008002468       0x28 ./Core/Src/Kinematic.o
                0x0000000008002468                unsigned int const& std::min<unsigned int>(unsigned int const&, unsigned int const&)
 .text._ZN9__gnu_cxx13new_allocatorIdE8allocateEjPKv
                0x0000000008002490       0x3c ./Core/Src/Kinematic.o
                0x0000000008002490                __gnu_cxx::new_allocator<double>::allocate(unsigned int, void const*)
 .text._ZNSt20__uninitialized_copyILb1EE13__uninit_copyIPKdPdEET0_T_S6_S5_
                0x00000000080024cc       0x20 ./Core/Src/Kinematic.o
                0x00000000080024cc                double* std::__uninitialized_copy<true>::__uninit_copy<double const*, double*>(double const*, double const*, double*)
 .text._ZNSt20__uninitialized_copyILb1EE13__uninit_copyIN9__gnu_cxx17__normal_iteratorIPKdSt6vectorIdSaIdEEEEPdEET0_T_SC_SB_
                0x00000000080024ec       0x20 ./Core/Src/Kinematic.o
                0x00000000080024ec                double* std::__uninitialized_copy<true>::__uninit_copy<__gnu_cxx::__normal_iterator<double const*, std::vector<double, std::allocator<double> > >, double*>(__gnu_cxx::__normal_iterator<double const*, std::vector<double, std::allocator<double> > >, __gnu_cxx::__normal_iterator<double const*, std::vector<double, std::allocator<double> > >, double*)
 .text._ZNK9__gnu_cxx17__normal_iteratorIPKdSt6vectorIdSaIdEEE4baseEv
                0x000000000800250c       0x16 ./Core/Src/Kinematic.o
                0x000000000800250c                __gnu_cxx::__normal_iterator<double const*, std::vector<double, std::allocator<double> > >::base() const
 .text._ZNK9__gnu_cxx17__normal_iteratorIPdSt6vectorIdSaIdEEE4baseEv
                0x0000000008002522       0x16 ./Core/Src/Kinematic.o
                0x0000000008002522                __gnu_cxx::__normal_iterator<double*, std::vector<double, std::allocator<double> > >::base() const
 .text._ZNSt11__copy_moveILb0ELb1ESt26random_access_iterator_tagE8__copy_mIdEEPT_PKS3_S6_S4_
                0x0000000008002538       0x3a ./Core/Src/Kinematic.o
                0x0000000008002538                double* std::__copy_move<false, true, std::random_access_iterator_tag>::__copy_m<double>(double const*, double const*, double*)
 .text._ZNK9__gnu_cxx17__normal_iteratorIPdSt6vectorIdSaIdEEEplEi
                0x0000000008002572       0x30 ./Core/Src/Kinematic.o
                0x0000000008002572                __gnu_cxx::__normal_iterator<double*, std::vector<double, std::allocator<double> > >::operator+(int) const
 .text._ZNK9__gnu_cxx13new_allocatorIdE8max_sizeEv
                0x00000000080025a2       0x18 ./Core/Src/Kinematic.o
                0x00000000080025a2                __gnu_cxx::new_allocator<double>::max_size() const
 .text._ZSt4copyIPKdPdET0_T_S4_S3_
                0x00000000080025ba       0x30 ./Core/Src/Kinematic.o
                0x00000000080025ba                double* std::copy<double const*, double*>(double const*, double const*, double*)
 .text._ZSt4copyIN9__gnu_cxx17__normal_iteratorIPKdSt6vectorIdSaIdEEEEPdET0_T_SA_S9_
                0x00000000080025ea       0x30 ./Core/Src/Kinematic.o
                0x00000000080025ea                double* std::copy<__gnu_cxx::__normal_iterator<double const*, std::vector<double, std::allocator<double> > >, double*>(__gnu_cxx::__normal_iterator<double const*, std::vector<double, std::allocator<double> > >, __gnu_cxx::__normal_iterator<double const*, std::vector<double, std::allocator<double> > >, double*)
 .text._ZSt12__miter_baseIPKdET_S2_
                0x000000000800261a       0x16 ./Core/Src/Kinematic.o
                0x000000000800261a                double const* std::__miter_base<double const*>(double const*)
 .text._ZSt14__copy_move_a2ILb0EPKdPdET1_T0_S4_S3_
                0x0000000008002630       0x46 ./Core/Src/Kinematic.o
                0x0000000008002630                double* std::__copy_move_a2<false, double const*, double*>(double const*, double const*, double*)
 .text._ZSt14__copy_move_a2ILb0EN9__gnu_cxx17__normal_iteratorIPKdSt6vectorIdSaIdEEEEPdET1_T0_SA_S9_
                0x0000000008002676       0x46 ./Core/Src/Kinematic.o
                0x0000000008002676                double* std::__copy_move_a2<false, __gnu_cxx::__normal_iterator<double const*, std::vector<double, std::allocator<double> > >, double*>(__gnu_cxx::__normal_iterator<double const*, std::vector<double, std::allocator<double> > >, __gnu_cxx::__normal_iterator<double const*, std::vector<double, std::allocator<double> > >, double*)
 .text._ZSt12__niter_baseIPKdET_S2_
                0x00000000080026bc       0x16 ./Core/Src/Kinematic.o
                0x00000000080026bc                double const* std::__niter_base<double const*>(double const*)
 *fill*         0x00000000080026d2        0x2 
 .text._Z41__static_initialization_and_destruction_0ii
                0x00000000080026d4      0x154 ./Core/Src/Kinematic.o
 .text._ZNSt6vectorIdSaIdEED2Ev
                0x0000000008002828       0x36 ./Core/Src/Kinematic.o
                0x0000000008002828                std::vector<double, std::allocator<double> >::~vector()
                0x0000000008002828                std::vector<double, std::allocator<double> >::~vector()
 .text._GLOBAL__sub_I_mtr_
                0x000000000800285e       0x10 ./Core/Src/Kinematic.o
 .text._GLOBAL__sub_D_mtr_
                0x000000000800286e       0x10 ./Core/Src/Kinematic.o
 .text.main     0x000000000800287e       0x42 ./Core/Src/main.o
                0x000000000800287e                main
 .text._Z18SystemClock_Configv
                0x00000000080028c0       0xe8 ./Core/Src/main.o
                0x00000000080028c0                SystemClock_Config()
 .text._ZL12MX_ADC1_Initv
                0x00000000080029a8       0xb8 ./Core/Src/main.o
 .text._ZL12MX_ADC2_Initv
                0x0000000008002a60       0xb8 ./Core/Src/main.o
 .text._ZL12MX_TIM1_Initv
                0x0000000008002b18      0x204 ./Core/Src/main.o
 .text._ZL12MX_TIM2_Initv
                0x0000000008002d1c       0xb4 ./Core/Src/main.o
 .text._ZL13MX_UART4_Initv
                0x0000000008002dd0       0x5c ./Core/Src/main.o
 .text._ZL19MX_USART1_UART_Initv
                0x0000000008002e2c       0x5c ./Core/Src/main.o
 .text._ZL19MX_USART2_UART_Initv
                0x0000000008002e88       0x5c ./Core/Src/main.o
 .text._ZL19MX_USART3_UART_Initv
                0x0000000008002ee4       0x5c ./Core/Src/main.o
 .text._ZL11MX_DMA_Initv
                0x0000000008002f40       0xec ./Core/Src/main.o
 .text._ZL12MX_GPIO_Initv
                0x000000000800302c      0x27c ./Core/Src/main.o
 .text.Error_Handler
                0x00000000080032a8        0xa ./Core/Src/main.o
                0x00000000080032a8                Error_Handler
 *fill*         0x00000000080032b2        0x2 
 .text._ZN5STM32C2Ev
                0x00000000080032b4       0x28 ./Core/Src/mainpp.o
                0x00000000080032b4                STM32::STM32()
                0x00000000080032b4                STM32::STM32()
 .text._ZN8IMU_GY25C2Ev
                0x00000000080032dc       0x24 ./Core/Src/mainpp.o
                0x00000000080032dc                IMU_GY25::IMU_GY25()
                0x00000000080032dc                IMU_GY25::IMU_GY25()
 .text._Z4initv
                0x0000000008003300      0x190 ./Core/Src/mainpp.o
                0x0000000008003300                init()
 .text._Z4loopv
                0x0000000008003490       0x9c ./Core/Src/mainpp.o
                0x0000000008003490                loop()
 .text.HAL_UARTEx_RxEventCallback
                0x000000000800352c       0x70 ./Core/Src/mainpp.o
                0x000000000800352c                HAL_UARTEx_RxEventCallback
 .text.receiveData
                0x000000000800359c       0x30 ./Core/Src/mainpp.o
                0x000000000800359c                receiveData
 .text._Z11TakeEncoderv
                0x00000000080035cc       0x50 ./Core/Src/mainpp.o
                0x00000000080035cc                TakeEncoder()
 .text._Z22IMU_RX_Interrupt_Startv
                0x000000000800361c       0x40 ./Core/Src/mainpp.o
                0x000000000800361c                IMU_RX_Interrupt_Start()
 .text._Z41__static_initialization_and_destruction_0ii
                0x000000000800365c       0x2c ./Core/Src/mainpp.o
 .text._GLOBAL__sub_I_Command
                0x0000000008003688       0x10 ./Core/Src/mainpp.o
 .text._ZN10MotorClassC2EP12GPIO_TypeDefS1_tti
                0x0000000008003698       0x3c ./Core/Src/motor.o
                0x0000000008003698                MotorClass::MotorClass(GPIO_TypeDef*, GPIO_TypeDef*, unsigned short, unsigned short, int)
                0x0000000008003698                MotorClass::MotorClass(GPIO_TypeDef*, GPIO_TypeDef*, unsigned short, unsigned short, int)
 .text._ZN10MotorClassC2EP12GPIO_TypeDeftti
                0x00000000080036d4       0x44 ./Core/Src/motor.o
                0x00000000080036d4                MotorClass::MotorClass(GPIO_TypeDef*, unsigned short, unsigned short, int)
                0x00000000080036d4                MotorClass::MotorClass(GPIO_TypeDef*, unsigned short, unsigned short, int)
 .text._ZN10MotorClass5MotorEi
                0x0000000008003718       0xe0 ./Core/Src/motor.o
                0x0000000008003718                MotorClass::Motor(int)
 .text.HAL_MspInit
                0x00000000080037f8       0x50 ./Core/Src/stm32f4xx_hal_msp.o
                0x00000000080037f8                HAL_MspInit
 .text.HAL_ADC_MspInit
                0x0000000008003848      0x1d8 ./Core/Src/stm32f4xx_hal_msp.o
                0x0000000008003848                HAL_ADC_MspInit
 .text.HAL_TIM_Base_MspInit
                0x0000000008003a20       0x88 ./Core/Src/stm32f4xx_hal_msp.o
                0x0000000008003a20                HAL_TIM_Base_MspInit
 .text.HAL_TIM_MspPostInit
                0x0000000008003aa8       0x74 ./Core/Src/stm32f4xx_hal_msp.o
                0x0000000008003aa8                HAL_TIM_MspPostInit
 .text.HAL_UART_MspInit
                0x0000000008003b1c      0x588 ./Core/Src/stm32f4xx_hal_msp.o
                0x0000000008003b1c                HAL_UART_MspInit
 .text.NMI_Handler
                0x00000000080040a4        0x6 ./Core/Src/stm32f4xx_it.o
                0x00000000080040a4                NMI_Handler
 .text.HardFault_Handler
                0x00000000080040aa        0x6 ./Core/Src/stm32f4xx_it.o
                0x00000000080040aa                HardFault_Handler
 .text.MemManage_Handler
                0x00000000080040b0        0x6 ./Core/Src/stm32f4xx_it.o
                0x00000000080040b0                MemManage_Handler
 .text.BusFault_Handler
                0x00000000080040b6        0x6 ./Core/Src/stm32f4xx_it.o
                0x00000000080040b6                BusFault_Handler
 .text.UsageFault_Handler
                0x00000000080040bc        0x6 ./Core/Src/stm32f4xx_it.o
                0x00000000080040bc                UsageFault_Handler
 .text.SVC_Handler
                0x00000000080040c2        0xe ./Core/Src/stm32f4xx_it.o
                0x00000000080040c2                SVC_Handler
 .text.DebugMon_Handler
                0x00000000080040d0        0xe ./Core/Src/stm32f4xx_it.o
                0x00000000080040d0                DebugMon_Handler
 .text.PendSV_Handler
                0x00000000080040de        0xe ./Core/Src/stm32f4xx_it.o
                0x00000000080040de                PendSV_Handler
 .text.SysTick_Handler
                0x00000000080040ec        0xc ./Core/Src/stm32f4xx_it.o
                0x00000000080040ec                SysTick_Handler
 .text.EXTI1_IRQHandler
                0x00000000080040f8       0x1c ./Core/Src/stm32f4xx_it.o
                0x00000000080040f8                EXTI1_IRQHandler
 .text.EXTI3_IRQHandler
                0x0000000008004114       0x1c ./Core/Src/stm32f4xx_it.o
                0x0000000008004114                EXTI3_IRQHandler
 .text.EXTI4_IRQHandler
                0x0000000008004130       0x1c ./Core/Src/stm32f4xx_it.o
                0x0000000008004130                EXTI4_IRQHandler
 .text.DMA1_Stream1_IRQHandler
                0x000000000800414c       0x14 ./Core/Src/stm32f4xx_it.o
                0x000000000800414c                DMA1_Stream1_IRQHandler
 .text.DMA1_Stream2_IRQHandler
                0x0000000008004160       0x14 ./Core/Src/stm32f4xx_it.o
                0x0000000008004160                DMA1_Stream2_IRQHandler
 .text.DMA1_Stream3_IRQHandler
                0x0000000008004174       0x14 ./Core/Src/stm32f4xx_it.o
                0x0000000008004174                DMA1_Stream3_IRQHandler
 .text.DMA1_Stream4_IRQHandler
                0x0000000008004188       0x14 ./Core/Src/stm32f4xx_it.o
                0x0000000008004188                DMA1_Stream4_IRQHandler
 .text.DMA1_Stream5_IRQHandler
                0x000000000800419c       0x14 ./Core/Src/stm32f4xx_it.o
                0x000000000800419c                DMA1_Stream5_IRQHandler
 .text.DMA1_Stream6_IRQHandler
                0x00000000080041b0       0x14 ./Core/Src/stm32f4xx_it.o
                0x00000000080041b0                DMA1_Stream6_IRQHandler
 .text.ADC_IRQHandler
                0x00000000080041c4       0x1c ./Core/Src/stm32f4xx_it.o
                0x00000000080041c4                ADC_IRQHandler
 .text.EXTI9_5_IRQHandler
                0x00000000080041e0       0x1c ./Core/Src/stm32f4xx_it.o
                0x00000000080041e0                EXTI9_5_IRQHandler
 .text.TIM1_UP_TIM10_IRQHandler
                0x00000000080041fc       0x14 ./Core/Src/stm32f4xx_it.o
                0x00000000080041fc                TIM1_UP_TIM10_IRQHandler
 .text.TIM2_IRQHandler
                0x0000000008004210       0x14 ./Core/Src/stm32f4xx_it.o
                0x0000000008004210                TIM2_IRQHandler
 .text.USART1_IRQHandler
                0x0000000008004224       0x14 ./Core/Src/stm32f4xx_it.o
                0x0000000008004224                USART1_IRQHandler
 .text.USART2_IRQHandler
                0x0000000008004238       0x14 ./Core/Src/stm32f4xx_it.o
                0x0000000008004238                USART2_IRQHandler
 .text.USART3_IRQHandler
                0x000000000800424c       0x14 ./Core/Src/stm32f4xx_it.o
                0x000000000800424c                USART3_IRQHandler
 .text.UART4_IRQHandler
                0x0000000008004260       0x14 ./Core/Src/stm32f4xx_it.o
                0x0000000008004260                UART4_IRQHandler
 .text.DMA2_Stream0_IRQHandler
                0x0000000008004274       0x14 ./Core/Src/stm32f4xx_it.o
                0x0000000008004274                DMA2_Stream0_IRQHandler
 .text.DMA2_Stream2_IRQHandler
                0x0000000008004288       0x14 ./Core/Src/stm32f4xx_it.o
                0x0000000008004288                DMA2_Stream2_IRQHandler
 .text.OTG_FS_IRQHandler
                0x000000000800429c       0x14 ./Core/Src/stm32f4xx_it.o
                0x000000000800429c                OTG_FS_IRQHandler
 .text.DMA2_Stream5_IRQHandler
                0x00000000080042b0       0x14 ./Core/Src/stm32f4xx_it.o
                0x00000000080042b0                DMA2_Stream5_IRQHandler
 .text.DMA2_Stream7_IRQHandler
                0x00000000080042c4       0x14 ./Core/Src/stm32f4xx_it.o
                0x00000000080042c4                DMA2_Stream7_IRQHandler
 .text._getpid  0x00000000080042d8       0x10 ./Core/Src/syscalls.o
                0x00000000080042d8                _getpid
 .text._kill    0x00000000080042e8       0x20 ./Core/Src/syscalls.o
                0x00000000080042e8                _kill
 .text._exit    0x0000000008004308       0x14 ./Core/Src/syscalls.o
                0x0000000008004308                _exit
 .text._sbrk    0x000000000800431c       0x6c ./Core/Src/sysmem.o
                0x000000000800431c                _sbrk
 .text.SystemInit
                0x0000000008004388       0x24 ./Core/Src/system_stm32f4xx.o
                0x0000000008004388                SystemInit
 .text.Reset_Handler
                0x00000000080043ac       0x50 ./Core/Startup/startup_stm32f407vgtx.o
                0x00000000080043ac                Reset_Handler
 .text.Default_Handler
                0x00000000080043fc        0x2 ./Core/Startup/startup_stm32f407vgtx.o
                0x00000000080043fc                RTC_Alarm_IRQHandler
                0x00000000080043fc                HASH_RNG_IRQHandler
                0x00000000080043fc                EXTI2_IRQHandler
                0x00000000080043fc                TIM8_CC_IRQHandler
                0x00000000080043fc                TIM1_CC_IRQHandler
                0x00000000080043fc                PVD_IRQHandler
                0x00000000080043fc                SDIO_IRQHandler
                0x00000000080043fc                TAMP_STAMP_IRQHandler
                0x00000000080043fc                CAN2_RX1_IRQHandler
                0x00000000080043fc                TIM8_TRG_COM_TIM14_IRQHandler
                0x00000000080043fc                TIM8_UP_TIM13_IRQHandler
                0x00000000080043fc                I2C3_ER_IRQHandler
                0x00000000080043fc                EXTI0_IRQHandler
                0x00000000080043fc                I2C2_EV_IRQHandler
                0x00000000080043fc                CAN1_RX0_IRQHandler
                0x00000000080043fc                FPU_IRQHandler
                0x00000000080043fc                OTG_HS_WKUP_IRQHandler
                0x00000000080043fc                CAN2_SCE_IRQHandler
                0x00000000080043fc                SPI1_IRQHandler
                0x00000000080043fc                TIM6_DAC_IRQHandler
                0x00000000080043fc                TIM1_BRK_TIM9_IRQHandler
                0x00000000080043fc                DCMI_IRQHandler
                0x00000000080043fc                CAN2_RX0_IRQHandler
                0x00000000080043fc                DMA2_Stream3_IRQHandler
                0x00000000080043fc                USART6_IRQHandler
                0x00000000080043fc                CAN1_RX1_IRQHandler
                0x00000000080043fc                UART5_IRQHandler
                0x00000000080043fc                TIM4_IRQHandler
                0x00000000080043fc                I2C1_EV_IRQHandler
                0x00000000080043fc                TIM3_IRQHandler
                0x00000000080043fc                RCC_IRQHandler
                0x00000000080043fc                TIM8_BRK_TIM12_IRQHandler
                0x00000000080043fc                Default_Handler
                0x00000000080043fc                EXTI15_10_IRQHandler
                0x00000000080043fc                DMA1_Stream7_IRQHandler
                0x00000000080043fc                TIM7_IRQHandler
                0x00000000080043fc                CAN2_TX_IRQHandler
                0x00000000080043fc                TIM5_IRQHandler
                0x00000000080043fc                I2C3_EV_IRQHandler
                0x00000000080043fc                RTC_WKUP_IRQHandler
                0x00000000080043fc                ETH_WKUP_IRQHandler
                0x00000000080043fc                SPI2_IRQHandler
                0x00000000080043fc                OTG_HS_EP1_IN_IRQHandler
                0x00000000080043fc                DMA1_Stream0_IRQHandler
                0x00000000080043fc                CAN1_TX_IRQHandler
                0x00000000080043fc                FSMC_IRQHandler
                0x00000000080043fc                ETH_IRQHandler
                0x00000000080043fc                OTG_HS_EP1_OUT_IRQHandler
                0x00000000080043fc                WWDG_IRQHandler
                0x00000000080043fc                OTG_FS_WKUP_IRQHandler
                0x00000000080043fc                TIM1_TRG_COM_TIM11_IRQHandler
                0x00000000080043fc                OTG_HS_IRQHandler
                0x00000000080043fc                I2C2_ER_IRQHandler
                0x00000000080043fc                DMA2_Stream1_IRQHandler
                0x00000000080043fc                CAN1_SCE_IRQHandler
                0x00000000080043fc                FLASH_IRQHandler
                0x00000000080043fc                DMA2_Stream4_IRQHandler
                0x00000000080043fc                SPI3_IRQHandler
                0x00000000080043fc                I2C1_ER_IRQHandler
                0x00000000080043fc                DMA2_Stream6_IRQHandler
 *fill*         0x00000000080043fe        0x2 
 .text.HAL_Init
                0x0000000008004400       0x44 ./Drivers/STM32F4xx_HAL_Driver/Src/stm32f4xx_hal.o
                0x0000000008004400                HAL_Init
 .text.HAL_InitTick
                0x0000000008004444       0x60 ./Drivers/STM32F4xx_HAL_Driver/Src/stm32f4xx_hal.o
                0x0000000008004444                HAL_InitTick
 .text.HAL_IncTick
                0x00000000080044a4       0x28 ./Drivers/STM32F4xx_HAL_Driver/Src/stm32f4xx_hal.o
                0x00000000080044a4                HAL_IncTick
 .text.HAL_GetTick
                0x00000000080044cc       0x18 ./Drivers/STM32F4xx_HAL_Driver/Src/stm32f4xx_hal.o
                0x00000000080044cc                HAL_GetTick
 .text.HAL_Delay
                0x00000000080044e4       0x48 ./Drivers/STM32F4xx_HAL_Driver/Src/stm32f4xx_hal.o
                0x00000000080044e4                HAL_Delay
 .text.HAL_ADC_Init
                0x000000000800452c       0x86 ./Drivers/STM32F4xx_HAL_Driver/Src/stm32f4xx_hal_adc.o
                0x000000000800452c                HAL_ADC_Init
 .text.HAL_ADC_IRQHandler
                0x00000000080045b2      0x282 ./Drivers/STM32F4xx_HAL_Driver/Src/stm32f4xx_hal_adc.o
                0x00000000080045b2                HAL_ADC_IRQHandler
 .text.HAL_ADC_ConvCpltCallback
                0x0000000008004834       0x14 ./Drivers/STM32F4xx_HAL_Driver/Src/stm32f4xx_hal_adc.o
                0x0000000008004834                HAL_ADC_ConvCpltCallback
 .text.HAL_ADC_LevelOutOfWindowCallback
                0x0000000008004848       0x14 ./Drivers/STM32F4xx_HAL_Driver/Src/stm32f4xx_hal_adc.o
                0x0000000008004848                HAL_ADC_LevelOutOfWindowCallback
 .text.HAL_ADC_ErrorCallback
                0x000000000800485c       0x14 ./Drivers/STM32F4xx_HAL_Driver/Src/stm32f4xx_hal_adc.o
                0x000000000800485c                HAL_ADC_ErrorCallback
 .text.HAL_ADC_ConfigChannel
                0x0000000008004870      0x244 ./Drivers/STM32F4xx_HAL_Driver/Src/stm32f4xx_hal_adc.o
                0x0000000008004870                HAL_ADC_ConfigChannel
 .text.ADC_Init
                0x0000000008004ab4      0x1f8 ./Drivers/STM32F4xx_HAL_Driver/Src/stm32f4xx_hal_adc.o
 .text.HAL_ADCEx_InjectedConvCpltCallback
                0x0000000008004cac       0x14 ./Drivers/STM32F4xx_HAL_Driver/Src/stm32f4xx_hal_adc_ex.o
                0x0000000008004cac                HAL_ADCEx_InjectedConvCpltCallback
 .text.__NVIC_SetPriorityGrouping
                0x0000000008004cc0       0x48 ./Drivers/STM32F4xx_HAL_Driver/Src/stm32f4xx_hal_cortex.o
 .text.__NVIC_GetPriorityGrouping
                0x0000000008004d08       0x1c ./Drivers/STM32F4xx_HAL_Driver/Src/stm32f4xx_hal_cortex.o
 .text.__NVIC_EnableIRQ
                0x0000000008004d24       0x3c ./Drivers/STM32F4xx_HAL_Driver/Src/stm32f4xx_hal_cortex.o
 .text.__NVIC_SetPriority
                0x0000000008004d60       0x54 ./Drivers/STM32F4xx_HAL_Driver/Src/stm32f4xx_hal_cortex.o
 .text.NVIC_EncodePriority
                0x0000000008004db4       0x66 ./Drivers/STM32F4xx_HAL_Driver/Src/stm32f4xx_hal_cortex.o
 *fill*         0x0000000008004e1a        0x2 
 .text.SysTick_Config
                0x0000000008004e1c       0x44 ./Drivers/STM32F4xx_HAL_Driver/Src/stm32f4xx_hal_cortex.o
 .text.HAL_NVIC_SetPriorityGrouping
                0x0000000008004e60       0x16 ./Drivers/STM32F4xx_HAL_Driver/Src/stm32f4xx_hal_cortex.o
                0x0000000008004e60                HAL_NVIC_SetPriorityGrouping
 .text.HAL_NVIC_SetPriority
                0x0000000008004e76       0x38 ./Drivers/STM32F4xx_HAL_Driver/Src/stm32f4xx_hal_cortex.o
                0x0000000008004e76                HAL_NVIC_SetPriority
 .text.HAL_NVIC_EnableIRQ
                0x0000000008004eae       0x1c ./Drivers/STM32F4xx_HAL_Driver/Src/stm32f4xx_hal_cortex.o
                0x0000000008004eae                HAL_NVIC_EnableIRQ
 .text.HAL_SYSTICK_Config
                0x0000000008004eca       0x18 ./Drivers/STM32F4xx_HAL_Driver/Src/stm32f4xx_hal_cortex.o
                0x0000000008004eca                HAL_SYSTICK_Config
 *fill*         0x0000000008004ee2        0x2 
 .text.HAL_DMA_Init
                0x0000000008004ee4      0x15c ./Drivers/STM32F4xx_HAL_Driver/Src/stm32f4xx_hal_dma.o
                0x0000000008004ee4                HAL_DMA_Init
 .text.HAL_DMA_Start_IT
                0x0000000008005040       0xb0 ./Drivers/STM32F4xx_HAL_Driver/Src/stm32f4xx_hal_dma.o
                0x0000000008005040                HAL_DMA_Start_IT
 .text.HAL_DMA_Abort
                0x00000000080050f0       0xe0 ./Drivers/STM32F4xx_HAL_Driver/Src/stm32f4xx_hal_dma.o
                0x00000000080050f0                HAL_DMA_Abort
 .text.HAL_DMA_Abort_IT
                0x00000000080051d0       0x44 ./Drivers/STM32F4xx_HAL_Driver/Src/stm32f4xx_hal_dma.o
                0x00000000080051d0                HAL_DMA_Abort_IT
 .text.HAL_DMA_IRQHandler
                0x0000000008005214      0x314 ./Drivers/STM32F4xx_HAL_Driver/Src/stm32f4xx_hal_dma.o
                0x0000000008005214                HAL_DMA_IRQHandler
 .text.DMA_SetConfig
                0x0000000008005528       0x5c ./Drivers/STM32F4xx_HAL_Driver/Src/stm32f4xx_hal_dma.o
 .text.DMA_CalcBaseAndBitshift
                0x0000000008005584       0x6c ./Drivers/STM32F4xx_HAL_Driver/Src/stm32f4xx_hal_dma.o
 .text.DMA_CheckFifoParam
                0x00000000080055f0       0xf8 ./Drivers/STM32F4xx_HAL_Driver/Src/stm32f4xx_hal_dma.o
 .text.HAL_GPIO_Init
                0x00000000080056e8      0x338 ./Drivers/STM32F4xx_HAL_Driver/Src/stm32f4xx_hal_gpio.o
                0x00000000080056e8                HAL_GPIO_Init
 .text.HAL_GPIO_ReadPin
                0x0000000008005a20       0x30 ./Drivers/STM32F4xx_HAL_Driver/Src/stm32f4xx_hal_gpio.o
                0x0000000008005a20                HAL_GPIO_ReadPin
 .text.HAL_GPIO_WritePin
                0x0000000008005a50       0x32 ./Drivers/STM32F4xx_HAL_Driver/Src/stm32f4xx_hal_gpio.o
                0x0000000008005a50                HAL_GPIO_WritePin
 *fill*         0x0000000008005a82        0x2 
 .text.HAL_GPIO_EXTI_IRQHandler
                0x0000000008005a84       0x30 ./Drivers/STM32F4xx_HAL_Driver/Src/stm32f4xx_hal_gpio.o
                0x0000000008005a84                HAL_GPIO_EXTI_IRQHandler
 .text.HAL_GPIO_EXTI_Callback
                0x0000000008005ab4       0x16 ./Drivers/STM32F4xx_HAL_Driver/Src/stm32f4xx_hal_gpio.o
                0x0000000008005ab4                HAL_GPIO_EXTI_Callback
 .text.HAL_PCD_Init
                0x0000000008005aca      0x23a ./Drivers/STM32F4xx_HAL_Driver/Src/stm32f4xx_hal_pcd.o
                0x0000000008005aca                HAL_PCD_Init
 .text.HAL_PCD_Start
                0x0000000008005d04       0x66 ./Drivers/STM32F4xx_HAL_Driver/Src/stm32f4xx_hal_pcd.o
                0x0000000008005d04                HAL_PCD_Start
 .text.HAL_PCD_IRQHandler
                0x0000000008005d6a      0x764 ./Drivers/STM32F4xx_HAL_Driver/Src/stm32f4xx_hal_pcd.o
                0x0000000008005d6a                HAL_PCD_IRQHandler
 .text.HAL_PCD_SetAddress
                0x00000000080064ce       0x4a ./Drivers/STM32F4xx_HAL_Driver/Src/stm32f4xx_hal_pcd.o
                0x00000000080064ce                HAL_PCD_SetAddress
 .text.HAL_PCD_EP_Open
                0x0000000008006518       0xd0 ./Drivers/STM32F4xx_HAL_Driver/Src/stm32f4xx_hal_pcd.o
                0x0000000008006518                HAL_PCD_EP_Open
 .text.HAL_PCD_EP_Close
                0x00000000080065e8       0x94 ./Drivers/STM32F4xx_HAL_Driver/Src/stm32f4xx_hal_pcd.o
                0x00000000080065e8                HAL_PCD_EP_Close
 .text.HAL_PCD_EP_Receive
                0x000000000800667c       0x96 ./Drivers/STM32F4xx_HAL_Driver/Src/stm32f4xx_hal_pcd.o
                0x000000000800667c                HAL_PCD_EP_Receive
 .text.HAL_PCD_EP_GetRxCount
                0x0000000008006712       0x30 ./Drivers/STM32F4xx_HAL_Driver/Src/stm32f4xx_hal_pcd.o
                0x0000000008006712                HAL_PCD_EP_GetRxCount
 .text.HAL_PCD_EP_Transmit
                0x0000000008006742       0x94 ./Drivers/STM32F4xx_HAL_Driver/Src/stm32f4xx_hal_pcd.o
                0x0000000008006742                HAL_PCD_EP_Transmit
 .text.HAL_PCD_EP_SetStall
                0x00000000080067d6       0xc8 ./Drivers/STM32F4xx_HAL_Driver/Src/stm32f4xx_hal_pcd.o
                0x00000000080067d6                HAL_PCD_EP_SetStall
 .text.HAL_PCD_EP_ClrStall
                0x000000000800689e       0xac ./Drivers/STM32F4xx_HAL_Driver/Src/stm32f4xx_hal_pcd.o
                0x000000000800689e                HAL_PCD_EP_ClrStall
 .text.PCD_WriteEmptyTxFifo
                0x000000000800694a      0x11a ./Drivers/STM32F4xx_HAL_Driver/Src/stm32f4xx_hal_pcd.o
 .text.PCD_EP_OutXfrComplete_int
                0x0000000008006a64      0x218 ./Drivers/STM32F4xx_HAL_Driver/Src/stm32f4xx_hal_pcd.o
 .text.PCD_EP_OutSetupPacket_int
                0x0000000008006c7c       0x8c ./Drivers/STM32F4xx_HAL_Driver/Src/stm32f4xx_hal_pcd.o
 .text.HAL_PCDEx_SetTxFiFo
                0x0000000008006d08       0x8e ./Drivers/STM32F4xx_HAL_Driver/Src/stm32f4xx_hal_pcd_ex.o
                0x0000000008006d08                HAL_PCDEx_SetTxFiFo
 .text.HAL_PCDEx_SetRxFiFo
                0x0000000008006d96       0x22 ./Drivers/STM32F4xx_HAL_Driver/Src/stm32f4xx_hal_pcd_ex.o
                0x0000000008006d96                HAL_PCDEx_SetRxFiFo
 .text.HAL_PCDEx_LPM_Callback
                0x0000000008006db8       0x18 ./Drivers/STM32F4xx_HAL_Driver/Src/stm32f4xx_hal_pcd_ex.o
                0x0000000008006db8                HAL_PCDEx_LPM_Callback
 .text.HAL_RCC_OscConfig
                0x0000000008006dd0      0x4f0 ./Drivers/STM32F4xx_HAL_Driver/Src/stm32f4xx_hal_rcc.o
                0x0000000008006dd0                HAL_RCC_OscConfig
 .text.HAL_RCC_ClockConfig
                0x00000000080072c0      0x1cc ./Drivers/STM32F4xx_HAL_Driver/Src/stm32f4xx_hal_rcc.o
                0x00000000080072c0                HAL_RCC_ClockConfig
 .text.HAL_RCC_GetSysClockFreq
                0x000000000800748c      0x1c4 ./Drivers/STM32F4xx_HAL_Driver/Src/stm32f4xx_hal_rcc.o
                0x000000000800748c                HAL_RCC_GetSysClockFreq
 .text.HAL_RCC_GetHCLKFreq
                0x0000000008007650       0x18 ./Drivers/STM32F4xx_HAL_Driver/Src/stm32f4xx_hal_rcc.o
                0x0000000008007650                HAL_RCC_GetHCLKFreq
 .text.HAL_RCC_GetPCLK1Freq
                0x0000000008007668       0x28 ./Drivers/STM32F4xx_HAL_Driver/Src/stm32f4xx_hal_rcc.o
                0x0000000008007668                HAL_RCC_GetPCLK1Freq
 .text.HAL_RCC_GetPCLK2Freq
                0x0000000008007690       0x28 ./Drivers/STM32F4xx_HAL_Driver/Src/stm32f4xx_hal_rcc.o
                0x0000000008007690                HAL_RCC_GetPCLK2Freq
 .text.HAL_TIM_Base_Init
                0x00000000080076b8       0x9e ./Drivers/STM32F4xx_HAL_Driver/Src/stm32f4xx_hal_tim.o
                0x00000000080076b8                HAL_TIM_Base_Init
 .text.HAL_TIM_PWM_Init
                0x0000000008007756       0x9e ./Drivers/STM32F4xx_HAL_Driver/Src/stm32f4xx_hal_tim.o
                0x0000000008007756                HAL_TIM_PWM_Init
 .text.HAL_TIM_PWM_MspInit
                0x00000000080077f4       0x14 ./Drivers/STM32F4xx_HAL_Driver/Src/stm32f4xx_hal_tim.o
                0x00000000080077f4                HAL_TIM_PWM_MspInit
 .text.HAL_TIM_PWM_Start
                0x0000000008007808      0x190 ./Drivers/STM32F4xx_HAL_Driver/Src/stm32f4xx_hal_tim.o
                0x0000000008007808                HAL_TIM_PWM_Start
 .text.HAL_TIM_IRQHandler
                0x0000000008007998      0x210 ./Drivers/STM32F4xx_HAL_Driver/Src/stm32f4xx_hal_tim.o
                0x0000000008007998                HAL_TIM_IRQHandler
 .text.HAL_TIM_PWM_ConfigChannel
                0x0000000008007ba8      0x184 ./Drivers/STM32F4xx_HAL_Driver/Src/stm32f4xx_hal_tim.o
                0x0000000008007ba8                HAL_TIM_PWM_ConfigChannel
 .text.HAL_TIM_ConfigClockSource
                0x0000000008007d2c      0x18e ./Drivers/STM32F4xx_HAL_Driver/Src/stm32f4xx_hal_tim.o
                0x0000000008007d2c                HAL_TIM_ConfigClockSource
 .text.HAL_TIM_PeriodElapsedCallback
                0x0000000008007eba       0x14 ./Drivers/STM32F4xx_HAL_Driver/Src/stm32f4xx_hal_tim.o
                0x0000000008007eba                HAL_TIM_PeriodElapsedCallback
 .text.HAL_TIM_OC_DelayElapsedCallback
                0x0000000008007ece       0x14 ./Drivers/STM32F4xx_HAL_Driver/Src/stm32f4xx_hal_tim.o
                0x0000000008007ece                HAL_TIM_OC_DelayElapsedCallback
 .text.HAL_TIM_IC_CaptureCallback
                0x0000000008007ee2       0x14 ./Drivers/STM32F4xx_HAL_Driver/Src/stm32f4xx_hal_tim.o
                0x0000000008007ee2                HAL_TIM_IC_CaptureCallback
 .text.HAL_TIM_PWM_PulseFinishedCallback
                0x0000000008007ef6       0x14 ./Drivers/STM32F4xx_HAL_Driver/Src/stm32f4xx_hal_tim.o
                0x0000000008007ef6                HAL_TIM_PWM_PulseFinishedCallback
 .text.HAL_TIM_TriggerCallback
                0x0000000008007f0a       0x14 ./Drivers/STM32F4xx_HAL_Driver/Src/stm32f4xx_hal_tim.o
                0x0000000008007f0a                HAL_TIM_TriggerCallback
 *fill*         0x0000000008007f1e        0x2 
 .text.TIM_Base_SetConfig
                0x0000000008007f20      0x140 ./Drivers/STM32F4xx_HAL_Driver/Src/stm32f4xx_hal_tim.o
                0x0000000008007f20                TIM_Base_SetConfig
 .text.TIM_OC1_SetConfig
                0x0000000008008060       0xe0 ./Drivers/STM32F4xx_HAL_Driver/Src/stm32f4xx_hal_tim.o
 .text.TIM_OC2_SetConfig
                0x0000000008008140       0xec ./Drivers/STM32F4xx_HAL_Driver/Src/stm32f4xx_hal_tim.o
                0x0000000008008140                TIM_OC2_SetConfig
 .text.TIM_OC3_SetConfig
                0x000000000800822c       0xe8 ./Drivers/STM32F4xx_HAL_Driver/Src/stm32f4xx_hal_tim.o
 .text.TIM_OC4_SetConfig
                0x0000000008008314       0xac ./Drivers/STM32F4xx_HAL_Driver/Src/stm32f4xx_hal_tim.o
 .text.TIM_TI1_ConfigInputStage
                0x00000000080083c0       0x5e ./Drivers/STM32F4xx_HAL_Driver/Src/stm32f4xx_hal_tim.o
 .text.TIM_TI2_ConfigInputStage
                0x000000000800841e       0x60 ./Drivers/STM32F4xx_HAL_Driver/Src/stm32f4xx_hal_tim.o
 .text.TIM_ITRx_SetConfig
                0x000000000800847e       0x36 ./Drivers/STM32F4xx_HAL_Driver/Src/stm32f4xx_hal_tim.o
 .text.TIM_ETR_SetConfig
                0x00000000080084b4       0x40 ./Drivers/STM32F4xx_HAL_Driver/Src/stm32f4xx_hal_tim.o
                0x00000000080084b4                TIM_ETR_SetConfig
 .text.TIM_CCxChannelCmd
                0x00000000080084f4       0x4a ./Drivers/STM32F4xx_HAL_Driver/Src/stm32f4xx_hal_tim.o
                0x00000000080084f4                TIM_CCxChannelCmd
 *fill*         0x000000000800853e        0x2 
 .text.HAL_TIMEx_MasterConfigSynchronization
                0x0000000008008540       0xf8 ./Drivers/STM32F4xx_HAL_Driver/Src/stm32f4xx_hal_tim_ex.o
                0x0000000008008540                HAL_TIMEx_MasterConfigSynchronization
 .text.HAL_TIMEx_ConfigBreakDeadTime
                0x0000000008008638       0xa4 ./Drivers/STM32F4xx_HAL_Driver/Src/stm32f4xx_hal_tim_ex.o
                0x0000000008008638                HAL_TIMEx_ConfigBreakDeadTime
 .text.HAL_TIMEx_CommutCallback
                0x00000000080086dc       0x14 ./Drivers/STM32F4xx_HAL_Driver/Src/stm32f4xx_hal_tim_ex.o
                0x00000000080086dc                HAL_TIMEx_CommutCallback
 .text.HAL_TIMEx_BreakCallback
                0x00000000080086f0       0x14 ./Drivers/STM32F4xx_HAL_Driver/Src/stm32f4xx_hal_tim_ex.o
                0x00000000080086f0                HAL_TIMEx_BreakCallback
 .text.HAL_UART_Init
                0x0000000008008704       0x9a ./Drivers/STM32F4xx_HAL_Driver/Src/stm32f4xx_hal_uart.o
                0x0000000008008704                HAL_UART_Init
 .text.HAL_UART_Transmit
                0x000000000800879e      0x124 ./Drivers/STM32F4xx_HAL_Driver/Src/stm32f4xx_hal_uart.o
                0x000000000800879e                HAL_UART_Transmit
 .text.HAL_UARTEx_ReceiveToIdle_DMA
                0x00000000080088c2       0xca ./Drivers/STM32F4xx_HAL_Driver/Src/stm32f4xx_hal_uart.o
                0x00000000080088c2                HAL_UARTEx_ReceiveToIdle_DMA
 .text.HAL_UART_IRQHandler
                0x000000000800898c      0x51c ./Drivers/STM32F4xx_HAL_Driver/Src/stm32f4xx_hal_uart.o
                0x000000000800898c                HAL_UART_IRQHandler
 .text.HAL_UART_TxCpltCallback
                0x0000000008008ea8       0x14 ./Drivers/STM32F4xx_HAL_Driver/Src/stm32f4xx_hal_uart.o
                0x0000000008008ea8                HAL_UART_TxCpltCallback
 .text.HAL_UART_RxCpltCallback
                0x0000000008008ebc       0x14 ./Drivers/STM32F4xx_HAL_Driver/Src/stm32f4xx_hal_uart.o
                0x0000000008008ebc                HAL_UART_RxCpltCallback
 .text.HAL_UART_RxHalfCpltCallback
                0x0000000008008ed0       0x14 ./Drivers/STM32F4xx_HAL_Driver/Src/stm32f4xx_hal_uart.o
                0x0000000008008ed0                HAL_UART_RxHalfCpltCallback
 .text.HAL_UART_ErrorCallback
                0x0000000008008ee4       0x14 ./Drivers/STM32F4xx_HAL_Driver/Src/stm32f4xx_hal_uart.o
                0x0000000008008ee4                HAL_UART_ErrorCallback
 .text.UART_DMAReceiveCplt
                0x0000000008008ef8      0x126 ./Drivers/STM32F4xx_HAL_Driver/Src/stm32f4xx_hal_uart.o
 .text.UART_DMARxHalfCplt
                0x000000000800901e       0x36 ./Drivers/STM32F4xx_HAL_Driver/Src/stm32f4xx_hal_uart.o
 .text.UART_DMAError
                0x0000000008009054       0x94 ./Drivers/STM32F4xx_HAL_Driver/Src/stm32f4xx_hal_uart.o
 .text.UART_WaitOnFlagUntilTimeout
                0x00000000080090e8       0xdc ./Drivers/STM32F4xx_HAL_Driver/Src/stm32f4xx_hal_uart.o
 .text.UART_Start_Receive_DMA
                0x00000000080091c4      0x134 ./Drivers/STM32F4xx_HAL_Driver/Src/stm32f4xx_hal_uart.o
                0x00000000080091c4                UART_Start_Receive_DMA
 .text.UART_EndTxTransfer
                0x00000000080092f8       0x50 ./Drivers/STM32F4xx_HAL_Driver/Src/stm32f4xx_hal_uart.o
 .text.UART_EndRxTransfer
                0x0000000008009348       0xc6 ./Drivers/STM32F4xx_HAL_Driver/Src/stm32f4xx_hal_uart.o
 .text.UART_DMAAbortOnError
                0x000000000800940e       0x28 ./Drivers/STM32F4xx_HAL_Driver/Src/stm32f4xx_hal_uart.o
 .text.UART_Transmit_IT
                0x0000000008009436       0xa0 ./Drivers/STM32F4xx_HAL_Driver/Src/stm32f4xx_hal_uart.o
 .text.UART_EndTransmit_IT
                0x00000000080094d6       0x30 ./Drivers/STM32F4xx_HAL_Driver/Src/stm32f4xx_hal_uart.o
 .text.UART_Receive_IT
                0x0000000008009506      0x176 ./Drivers/STM32F4xx_HAL_Driver/Src/stm32f4xx_hal_uart.o
 .text.UART_SetConfig
                0x000000000800967c      0x390 ./Drivers/STM32F4xx_HAL_Driver/Src/stm32f4xx_hal_uart.o
 .text.USB_CoreInit
                0x0000000008009a0c       0xc2 ./Drivers/STM32F4xx_HAL_Driver/Src/stm32f4xx_ll_usb.o
                0x0000000008009a0c                USB_CoreInit
 *fill*         0x0000000008009ace        0x2 
 .text.USB_SetTurnaroundTime
                0x0000000008009ad0      0x144 ./Drivers/STM32F4xx_HAL_Driver/Src/stm32f4xx_ll_usb.o
                0x0000000008009ad0                USB_SetTurnaroundTime
 .text.USB_EnableGlobalInt
                0x0000000008009c14       0x22 ./Drivers/STM32F4xx_HAL_Driver/Src/stm32f4xx_ll_usb.o
                0x0000000008009c14                USB_EnableGlobalInt
 .text.USB_DisableGlobalInt
                0x0000000008009c36       0x22 ./Drivers/STM32F4xx_HAL_Driver/Src/stm32f4xx_ll_usb.o
                0x0000000008009c36                USB_DisableGlobalInt
 .text.USB_SetCurrentMode
                0x0000000008009c58       0x98 ./Drivers/STM32F4xx_HAL_Driver/Src/stm32f4xx_ll_usb.o
                0x0000000008009c58                USB_SetCurrentMode
 .text.USB_DevInit
                0x0000000008009cf0      0x2c8 ./Drivers/STM32F4xx_HAL_Driver/Src/stm32f4xx_ll_usb.o
                0x0000000008009cf0                USB_DevInit
 .text.USB_FlushTxFifo
                0x0000000008009fb8       0x48 ./Drivers/STM32F4xx_HAL_Driver/Src/stm32f4xx_ll_usb.o
                0x0000000008009fb8                USB_FlushTxFifo
 .text.USB_FlushRxFifo
                0x000000000800a000       0x40 ./Drivers/STM32F4xx_HAL_Driver/Src/stm32f4xx_ll_usb.o
                0x000000000800a000                USB_FlushRxFifo
 .text.USB_SetDevSpeed
                0x000000000800a040       0x32 ./Drivers/STM32F4xx_HAL_Driver/Src/stm32f4xx_ll_usb.o
                0x000000000800a040                USB_SetDevSpeed
 .text.USB_GetDevSpeed
                0x000000000800a072       0x4a ./Drivers/STM32F4xx_HAL_Driver/Src/stm32f4xx_ll_usb.o
                0x000000000800a072                USB_GetDevSpeed
 .text.USB_ActivateEndpoint
                0x000000000800a0bc      0x10e ./Drivers/STM32F4xx_HAL_Driver/Src/stm32f4xx_ll_usb.o
                0x000000000800a0bc                USB_ActivateEndpoint
 *fill*         0x000000000800a1ca        0x2 
 .text.USB_DeactivateEndpoint
                0x000000000800a1cc      0x1b8 ./Drivers/STM32F4xx_HAL_Driver/Src/stm32f4xx_ll_usb.o
                0x000000000800a1cc                USB_DeactivateEndpoint
 .text.USB_EPStartXfer
                0x000000000800a384      0x488 ./Drivers/STM32F4xx_HAL_Driver/Src/stm32f4xx_ll_usb.o
                0x000000000800a384                USB_EPStartXfer
 .text.USB_EP0StartXfer
                0x000000000800a80c      0x2a6 ./Drivers/STM32F4xx_HAL_Driver/Src/stm32f4xx_ll_usb.o
                0x000000000800a80c                USB_EP0StartXfer
 .text.USB_WritePacket
                0x000000000800aab2       0x7c ./Drivers/STM32F4xx_HAL_Driver/Src/stm32f4xx_ll_usb.o
                0x000000000800aab2                USB_WritePacket
 .text.USB_ReadPacket
                0x000000000800ab2e       0xb0 ./Drivers/STM32F4xx_HAL_Driver/Src/stm32f4xx_ll_usb.o
                0x000000000800ab2e                USB_ReadPacket
 .text.USB_EPSetStall
                0x000000000800abde       0xdc ./Drivers/STM32F4xx_HAL_Driver/Src/stm32f4xx_ll_usb.o
                0x000000000800abde                USB_EPSetStall
 .text.USB_EPClearStall
                0x000000000800acba       0xcc ./Drivers/STM32F4xx_HAL_Driver/Src/stm32f4xx_ll_usb.o
                0x000000000800acba                USB_EPClearStall
 .text.USB_SetDevAddress
                0x000000000800ad86       0x4c ./Drivers/STM32F4xx_HAL_Driver/Src/stm32f4xx_ll_usb.o
                0x000000000800ad86                USB_SetDevAddress
 .text.USB_DevConnect
                0x000000000800add2       0x42 ./Drivers/STM32F4xx_HAL_Driver/Src/stm32f4xx_ll_usb.o
                0x000000000800add2                USB_DevConnect
 .text.USB_DevDisconnect
                0x000000000800ae14       0x42 ./Drivers/STM32F4xx_HAL_Driver/Src/stm32f4xx_ll_usb.o
                0x000000000800ae14                USB_DevDisconnect
 .text.USB_ReadInterrupts
                0x000000000800ae56       0x26 ./Drivers/STM32F4xx_HAL_Driver/Src/stm32f4xx_ll_usb.o
                0x000000000800ae56                USB_ReadInterrupts
 .text.USB_ReadDevAllOutEpInterrupt
                0x000000000800ae7c       0x34 ./Drivers/STM32F4xx_HAL_Driver/Src/stm32f4xx_ll_usb.o
                0x000000000800ae7c                USB_ReadDevAllOutEpInterrupt
 .text.USB_ReadDevAllInEpInterrupt
                0x000000000800aeb0       0x34 ./Drivers/STM32F4xx_HAL_Driver/Src/stm32f4xx_ll_usb.o
                0x000000000800aeb0                USB_ReadDevAllInEpInterrupt
 .text.USB_ReadDevOutEPInterrupt
                0x000000000800aee4       0x3c ./Drivers/STM32F4xx_HAL_Driver/Src/stm32f4xx_ll_usb.o
                0x000000000800aee4                USB_ReadDevOutEPInterrupt
 .text.USB_ReadDevInEPInterrupt
                0x000000000800af20       0x5c ./Drivers/STM32F4xx_HAL_Driver/Src/stm32f4xx_ll_usb.o
                0x000000000800af20                USB_ReadDevInEPInterrupt
 .text.USB_GetMode
                0x000000000800af7c       0x1c ./Drivers/STM32F4xx_HAL_Driver/Src/stm32f4xx_ll_usb.o
                0x000000000800af7c                USB_GetMode
 .text.USB_ActivateSetup
                0x000000000800af98       0x46 ./Drivers/STM32F4xx_HAL_Driver/Src/stm32f4xx_ll_usb.o
                0x000000000800af98                USB_ActivateSetup
 *fill*         0x000000000800afde        0x2 
 .text.USB_EP0_OutStart
                0x000000000800afe0       0xbc ./Drivers/STM32F4xx_HAL_Driver/Src/stm32f4xx_ll_usb.o
                0x000000000800afe0                USB_EP0_OutStart
 .text.USB_CoreReset
                0x000000000800b09c       0x64 ./Drivers/STM32F4xx_HAL_Driver/Src/stm32f4xx_ll_usb.o
 .text.USBD_CDC_Init
                0x000000000800b100       0xfe ./Middlewares/ST/STM32_USB_Device_Library/Class/CDC/Src/usbd_cdc.o
 .text.USBD_CDC_DeInit
                0x000000000800b1fe       0x74 ./Middlewares/ST/STM32_USB_Device_Library/Class/CDC/Src/usbd_cdc.o
 *fill*         0x000000000800b272        0x2 
 .text.USBD_CDC_Setup
                0x000000000800b274      0x190 ./Middlewares/ST/STM32_USB_Device_Library/Class/CDC/Src/usbd_cdc.o
 .text.USBD_CDC_DataIn
                0x000000000800b404       0xca ./Middlewares/ST/STM32_USB_Device_Library/Class/CDC/Src/usbd_cdc.o
 .text.USBD_CDC_DataOut
                0x000000000800b4ce       0x56 ./Middlewares/ST/STM32_USB_Device_Library/Class/CDC/Src/usbd_cdc.o
 .text.USBD_CDC_EP0_RxReady
                0x000000000800b524       0x5a ./Middlewares/ST/STM32_USB_Device_Library/Class/CDC/Src/usbd_cdc.o
 *fill*         0x000000000800b57e        0x2 
 .text.USBD_CDC_GetFSCfgDesc
                0x000000000800b580       0x20 ./Middlewares/ST/STM32_USB_Device_Library/Class/CDC/Src/usbd_cdc.o
 .text.USBD_CDC_GetHSCfgDesc
                0x000000000800b5a0       0x20 ./Middlewares/ST/STM32_USB_Device_Library/Class/CDC/Src/usbd_cdc.o
 .text.USBD_CDC_GetOtherSpeedCfgDesc
                0x000000000800b5c0       0x20 ./Middlewares/ST/STM32_USB_Device_Library/Class/CDC/Src/usbd_cdc.o
 .text.USBD_CDC_GetDeviceQualifierDescriptor
                0x000000000800b5e0       0x20 ./Middlewares/ST/STM32_USB_Device_Library/Class/CDC/Src/usbd_cdc.o
                0x000000000800b5e0                USBD_CDC_GetDeviceQualifierDescriptor
 .text.USBD_CDC_RegisterInterface
                0x000000000800b600       0x2a ./Middlewares/ST/STM32_USB_Device_Library/Class/CDC/Src/usbd_cdc.o
                0x000000000800b600                USBD_CDC_RegisterInterface
 .text.USBD_CDC_SetTxBuffer
                0x000000000800b62a       0x3c ./Middlewares/ST/STM32_USB_Device_Library/Class/CDC/Src/usbd_cdc.o
                0x000000000800b62a                USBD_CDC_SetTxBuffer
 .text.USBD_CDC_SetRxBuffer
                0x000000000800b666       0x32 ./Middlewares/ST/STM32_USB_Device_Library/Class/CDC/Src/usbd_cdc.o
                0x000000000800b666                USBD_CDC_SetRxBuffer
 .text.USBD_CDC_ReceivePacket
                0x000000000800b698       0x54 ./Middlewares/ST/STM32_USB_Device_Library/Class/CDC/Src/usbd_cdc.o
                0x000000000800b698                USBD_CDC_ReceivePacket
 .text.USBD_Init
                0x000000000800b6ec       0x60 ./Middlewares/ST/STM32_USB_Device_Library/Core/Src/usbd_core.o
                0x000000000800b6ec                USBD_Init
 .text.USBD_RegisterClass
                0x000000000800b74c       0x4e ./Middlewares/ST/STM32_USB_Device_Library/Core/Src/usbd_core.o
                0x000000000800b74c                USBD_RegisterClass
 .text.USBD_Start
                0x000000000800b79a       0x18 ./Middlewares/ST/STM32_USB_Device_Library/Core/Src/usbd_core.o
                0x000000000800b79a                USBD_Start
 .text.USBD_RunTestMode
                0x000000000800b7b2       0x16 ./Middlewares/ST/STM32_USB_Device_Library/Core/Src/usbd_core.o
                0x000000000800b7b2                USBD_RunTestMode
 .text.USBD_SetClassConfig
                0x000000000800b7c8       0x38 ./Middlewares/ST/STM32_USB_Device_Library/Core/Src/usbd_core.o
                0x000000000800b7c8                USBD_SetClassConfig
 .text.USBD_ClrClassConfig
                0x000000000800b800       0x30 ./Middlewares/ST/STM32_USB_Device_Library/Core/Src/usbd_core.o
                0x000000000800b800                USBD_ClrClassConfig
 .text.USBD_LL_SetupStage
                0x000000000800b830       0xaa ./Middlewares/ST/STM32_USB_Device_Library/Core/Src/usbd_core.o
                0x000000000800b830                USBD_LL_SetupStage
 .text.USBD_LL_DataOutStage
                0x000000000800b8da       0xc6 ./Middlewares/ST/STM32_USB_Device_Library/Core/Src/usbd_core.o
                0x000000000800b8da                USBD_LL_DataOutStage
 .text.USBD_LL_DataInStage
                0x000000000800b9a0      0x12c ./Middlewares/ST/STM32_USB_Device_Library/Core/Src/usbd_core.o
                0x000000000800b9a0                USBD_LL_DataInStage
 .text.USBD_LL_Reset
                0x000000000800bacc       0x9c ./Middlewares/ST/STM32_USB_Device_Library/Core/Src/usbd_core.o
                0x000000000800bacc                USBD_LL_Reset
 .text.USBD_LL_SetSpeed
                0x000000000800bb68       0x20 ./Middlewares/ST/STM32_USB_Device_Library/Core/Src/usbd_core.o
                0x000000000800bb68                USBD_LL_SetSpeed
 .text.USBD_LL_Suspend
                0x000000000800bb88       0x2c ./Middlewares/ST/STM32_USB_Device_Library/Core/Src/usbd_core.o
                0x000000000800bb88                USBD_LL_Suspend
 .text.USBD_LL_Resume
                0x000000000800bbb4       0x30 ./Middlewares/ST/STM32_USB_Device_Library/Core/Src/usbd_core.o
                0x000000000800bbb4                USBD_LL_Resume
 .text.USBD_LL_SOF
                0x000000000800bbe4       0x44 ./Middlewares/ST/STM32_USB_Device_Library/Core/Src/usbd_core.o
                0x000000000800bbe4                USBD_LL_SOF
 .text.USBD_LL_IsoINIncomplete
                0x000000000800bc28       0x4c ./Middlewares/ST/STM32_USB_Device_Library/Core/Src/usbd_core.o
                0x000000000800bc28                USBD_LL_IsoINIncomplete
 .text.USBD_LL_IsoOUTIncomplete
                0x000000000800bc74       0x4c ./Middlewares/ST/STM32_USB_Device_Library/Core/Src/usbd_core.o
                0x000000000800bc74                USBD_LL_IsoOUTIncomplete
 .text.USBD_LL_DevConnected
                0x000000000800bcc0       0x16 ./Middlewares/ST/STM32_USB_Device_Library/Core/Src/usbd_core.o
                0x000000000800bcc0                USBD_LL_DevConnected
 .text.USBD_LL_DevDisconnected
                0x000000000800bcd6       0x38 ./Middlewares/ST/STM32_USB_Device_Library/Core/Src/usbd_core.o
                0x000000000800bcd6                USBD_LL_DevDisconnected
 .text.SWAPBYTE
                0x000000000800bd0e       0x3c ./Middlewares/ST/STM32_USB_Device_Library/Core/Src/usbd_ctlreq.o
 *fill*         0x000000000800bd4a        0x2 
 .text.USBD_StdDevReq
                0x000000000800bd4c       0xdc ./Middlewares/ST/STM32_USB_Device_Library/Core/Src/usbd_ctlreq.o
                0x000000000800bd4c                USBD_StdDevReq
 .text.USBD_StdItfReq
                0x000000000800be28       0x92 ./Middlewares/ST/STM32_USB_Device_Library/Core/Src/usbd_ctlreq.o
                0x000000000800be28                USBD_StdItfReq
 .text.USBD_StdEPReq
                0x000000000800beba      0x2c4 ./Middlewares/ST/STM32_USB_Device_Library/Core/Src/usbd_ctlreq.o
                0x000000000800beba                USBD_StdEPReq
 *fill*         0x000000000800c17e        0x2 
 .text.USBD_GetDescriptor
                0x000000000800c180      0x2d4 ./Middlewares/ST/STM32_USB_Device_Library/Core/Src/usbd_ctlreq.o
 .text.USBD_SetAddress
                0x000000000800c454       0x88 ./Middlewares/ST/STM32_USB_Device_Library/Core/Src/usbd_ctlreq.o
 .text.USBD_SetConfig
                0x000000000800c4dc      0x14c ./Middlewares/ST/STM32_USB_Device_Library/Core/Src/usbd_ctlreq.o
 .text.USBD_GetConfig
                0x000000000800c628       0x6c ./Middlewares/ST/STM32_USB_Device_Library/Core/Src/usbd_ctlreq.o
 .text.USBD_GetStatus
                0x000000000800c694       0x68 ./Middlewares/ST/STM32_USB_Device_Library/Core/Src/usbd_ctlreq.o
 .text.USBD_SetFeature
                0x000000000800c6fc       0x28 ./Middlewares/ST/STM32_USB_Device_Library/Core/Src/usbd_ctlreq.o
 .text.USBD_ClrFeature
                0x000000000800c724       0x44 ./Middlewares/ST/STM32_USB_Device_Library/Core/Src/usbd_ctlreq.o
 .text.USBD_ParseSetupRequest
                0x000000000800c768       0x74 ./Middlewares/ST/STM32_USB_Device_Library/Core/Src/usbd_ctlreq.o
                0x000000000800c768                USBD_ParseSetupRequest
 .text.USBD_CtlError
                0x000000000800c7dc       0x22 ./Middlewares/ST/STM32_USB_Device_Library/Core/Src/usbd_ctlreq.o
                0x000000000800c7dc                USBD_CtlError
 .text.USBD_GetString
                0x000000000800c7fe       0x8c ./Middlewares/ST/STM32_USB_Device_Library/Core/Src/usbd_ctlreq.o
                0x000000000800c7fe                USBD_GetString
 .text.USBD_GetLen
                0x000000000800c88a       0x34 ./Middlewares/ST/STM32_USB_Device_Library/Core/Src/usbd_ctlreq.o
 .text.USBD_CtlSendData
                0x000000000800c8be       0x36 ./Middlewares/ST/STM32_USB_Device_Library/Core/Src/usbd_ioreq.o
                0x000000000800c8be                USBD_CtlSendData
 .text.USBD_CtlContinueSendData
                0x000000000800c8f4       0x22 ./Middlewares/ST/STM32_USB_Device_Library/Core/Src/usbd_ioreq.o
                0x000000000800c8f4                USBD_CtlContinueSendData
 .text.USBD_CtlPrepareRx
                0x000000000800c916       0x3a ./Middlewares/ST/STM32_USB_Device_Library/Core/Src/usbd_ioreq.o
                0x000000000800c916                USBD_CtlPrepareRx
 .text.USBD_CtlContinueRx
                0x000000000800c950       0x22 ./Middlewares/ST/STM32_USB_Device_Library/Core/Src/usbd_ioreq.o