cmath:184:3:constexpr float std::cos(float)	16	static
cmath:425:3:constexpr float std::sin(float)	16	static
Kinematic.h:17:5:kinematic::Motor::Motor()	16	static
cmath:475:5:constexpr typename __gnu_cxx::__enable_if<std::__is_integer<_Tp>::__value, double>::__type std::sqrt(_Tp) [with _Tp = int]	16	static
Kinematic.cpp:18:6:void kinematic::Motor::calcOdom()	96	static
Kinematic.cpp:53:6:void kinematic::Motor::inverseKinematic(float, float, float, Point2D&)	120	static
Kinematic.cpp:74:9:Point2D kinematic::Motor::getpos()	24	static
allocator.h:138:7:std::allocator< <template-parameter-1-1> >::allocator() [with _Tp = double]	16	static
allocator.h:153:7:std::allocator< <template-parameter-1-1> >::~allocator() [with _Tp = double]	16	static
stl_vector.h:622:7:std::vector<_Tp, _Alloc>::vector(std::initializer_list<_Tp>, const allocator_type&) [with _Tp = double; _Alloc = std::allocator<double>]	40	static
stl_vector.h:1040:7:std::vector<_Tp, _Alloc>::reference std::vector<_Tp, _Alloc>::operator[](std::vector<_Tp, _Alloc>::size_type) [with _Tp = double; _Alloc = std::allocator<double>]	16	static
cmath:290:5:constexpr typename __gnu_cxx::__promote_2<_Tp, _Up>::__type std::fmod(_Tp, _Up) [with _Tp = float; _Up = double]	24	static
alloc_traits.h:103:27:static constexpr bool __gnu_cxx::__alloc_traits<_Alloc, <template-parameter-1-2> >::_S_propagate_on_copy_assign() [with _Alloc = std::allocator<double>; <template-parameter-1-2> = double]	4	static
alloc_traits.h:112:27:static constexpr bool __gnu_cxx::__alloc_traits<_Alloc, <template-parameter-1-2> >::_S_always_equal() [with _Alloc = std::allocator<double>; <template-parameter-1-2> = double]	4	static
vector.tcc:198:5:std::vector<_Tp, _Alloc>& std::vector<_Tp, _Alloc>::operator=(const std::vector<_Tp, _Alloc>&) [with _Tp = double; _Alloc = std::allocator<double>]	40	static
new_allocator.h:80:7:__gnu_cxx::new_allocator<_Tp>::new_allocator() [with _Tp = double]	16	static
new_allocator.h:89:7:__gnu_cxx::new_allocator<_Tp>::~new_allocator() [with _Tp = double]	16	static
stl_vector.h:125:14:std::_Vector_base<double, std::allocator<double> >::_Vector_impl::~_Vector_impl()	16	static
stl_vector.h:290:7:std::_Vector_base<_Tp, _Alloc>::_Vector_base(const allocator_type&) [with _Tp = double; _Alloc = std::allocator<double>]	16	static
stl_vector.h:330:7:std::_Vector_base<_Tp, _Alloc>::~_Vector_base() [with _Tp = double; _Alloc = std::allocator<double>]	16	static
initializer_list:75:7:constexpr const _E* std::initializer_list<_E>::begin() const [with _E = double]	16	static
initializer_list:79:7:constexpr const _E* std::initializer_list<_E>::end() const [with _E = double]	24	static
stl_vector.h:1574:2:void std::vector<_Tp, _Alloc>::_M_range_initialize(_ForwardIterator, _ForwardIterator, std::forward_iterator_tag) [with _ForwardIterator = const double*; _Tp = double; _Alloc = std::allocator<double>]	40	static
stl_vector.h:273:7:std::_Vector_base<_Tp, _Alloc>::_Tp_alloc_type& std::_Vector_base<_Tp, _Alloc>::_M_get_Tp_allocator() [with _Tp = double; _Alloc = std::allocator<double>]	16	static
stl_vector.h:277:7:const _Tp_alloc_type& std::_Vector_base<_Tp, _Alloc>::_M_get_Tp_allocator() const [with _Tp = double; _Alloc = std::allocator<double>]	16	static
allocator.h:160:7:bool std::operator!=(const std::allocator<double>&, const std::allocator<double>&)	16	static
stl_vector.h:1495:7:void std::vector<_Tp, _Alloc>::clear() [with _Tp = double; _Alloc = std::allocator<double>]	16	static
stl_vector.h:347:7:void std::_Vector_base<_Tp, _Alloc>::_M_deallocate(std::_Vector_base<_Tp, _Alloc>::pointer, std::size_t) [with _Tp = double; _Alloc = std::allocator<double>]	24	static
alloc_traits.h:530:17:void std::__alloc_on_copy(_Alloc&, const _Alloc&) [with _Alloc = std::allocator<double>]	24	static
stl_vector.h:915:7:std::vector<_Tp, _Alloc>::size_type std::vector<_Tp, _Alloc>::size() const [with _Tp = double; _Alloc = std::allocator<double>]	16	static
stl_vector.h:995:7:std::vector<_Tp, _Alloc>::size_type std::vector<_Tp, _Alloc>::capacity() const [with _Tp = double; _Alloc = std::allocator<double>]	16	static
stl_vector.h:817:7:std::vector<_Tp, _Alloc>::const_iterator std::vector<_Tp, _Alloc>::begin() const [with _Tp = double; _Alloc = std::allocator<double>]	24	static
stl_vector.h:835:7:std::vector<_Tp, _Alloc>::const_iterator std::vector<_Tp, _Alloc>::end() const [with _Tp = double; _Alloc = std::allocator<double>]	24	static
stl_vector.h:1505:2:std::vector<_Tp, _Alloc>::pointer std::vector<_Tp, _Alloc>::_M_allocate_and_copy(std::vector<_Tp, _Alloc>::size_type, _ForwardIterator, _ForwardIterator) [with _ForwardIterator = __gnu_cxx::__normal_iterator<const double*, std::vector<double> >; _Tp = double; _Alloc = std::allocator<double>]	32	static
stl_construct.h:203:5:void std::_Destroy(_ForwardIterator, _ForwardIterator, std::allocator<_T2>&) [with _ForwardIterator = double*; _Tp = double]	24	static
stl_vector.h:808:7:std::vector<_Tp, _Alloc>::iterator std::vector<_Tp, _Alloc>::begin() [with _Tp = double; _Alloc = std::allocator<double>]	24	static
stl_algobase.h:465:5:_OI std::copy(_II, _II, _OI) [with _II = __gnu_cxx::__normal_iterator<const double*, std::vector<double> >; _OI = __gnu_cxx::__normal_iterator<double*, std::vector<double> >]	32	static
stl_vector.h:826:7:std::vector<_Tp, _Alloc>::iterator std::vector<_Tp, _Alloc>::end() [with _Tp = double; _Alloc = std::allocator<double>]	24	static
stl_construct.h:203:5:void std::_Destroy(_ForwardIterator, _ForwardIterator, std::allocator<_T2>&) [with _ForwardIterator = __gnu_cxx::__normal_iterator<double*, std::vector<double> >; _Tp = double]	24	static
stl_algobase.h:465:5:_OI std::copy(_II, _II, _OI) [with _II = double*; _OI = double*]	32	static
stl_uninitialized.h:305:5:_ForwardIterator std::__uninitialized_copy_a(_InputIterator, _InputIterator, _ForwardIterator, std::allocator<_Tp>&) [with _InputIterator = double*; _ForwardIterator = double*; _Tp = double]	24	static
stl_vector.h:133:2:std::_Vector_base<_Tp, _Alloc>::_Vector_impl::_Vector_impl(const _Tp_alloc_type&) [with _Tp = double; _Alloc = std::allocator<double>]	16	static
initializer_list:71:7:constexpr std::initializer_list<_E>::size_type std::initializer_list<_E>::size() const [with _E = double]	16	static
stl_iterator_base_funcs.h:138:5:typename std::iterator_traits<_Iterator>::difference_type std::distance(_InputIterator, _InputIterator) [with _InputIterator = const double*]	32	static
stl_vector.h:1764:7:static std::vector<_Tp, _Alloc>::size_type std::vector<_Tp, _Alloc>::_S_check_init_len(std::vector<_Tp, _Alloc>::size_type, const allocator_type&) [with _Tp = double; _Alloc = std::allocator<double>]	32	static
stl_vector.h:340:7:std::_Vector_base<_Tp, _Alloc>::pointer std::_Vector_base<_Tp, _Alloc>::_M_allocate(std::size_t) [with _Tp = double; _Alloc = std::allocator<double>]	16	static
stl_uninitialized.h:305:5:_ForwardIterator std::__uninitialized_copy_a(_InputIterator, _InputIterator, _ForwardIterator, std::allocator<_Tp>&) [with _InputIterator = const double*; _ForwardIterator = double*; _Tp = double]	24	static
stl_vector.h:1789:7:void std::vector<_Tp, _Alloc>::_M_erase_at_end(std::vector<_Tp, _Alloc>::pointer) [with _Tp = double; _Alloc = std::allocator<double>]	32	static
alloc_traits.h:469:7:static void std::allocator_traits<std::allocator<_Tp1> >::deallocate(std::allocator_traits<std::allocator<_Tp1> >::allocator_type&, std::allocator_traits<std::allocator<_Tp1> >::pointer, std::allocator_traits<std::allocator<_Tp1> >::size_type) [with _Tp = double]	24	static
alloc_traits.h:526:5:void std::__do_alloc_on_copy(_Alloc&, const _Alloc&, std::false_type) [with _Alloc = std::allocator<double>]	24	static
stl_iterator.h:806:7:__gnu_cxx::__normal_iterator<_Iterator, _Container>::__normal_iterator(const _Iterator&) [with _Iterator = const double*; _Container = std::vector<double>]	16	static
stl_uninitialized.h:305:5:_ForwardIterator std::__uninitialized_copy_a(_InputIterator, _InputIterator, _ForwardIterator, std::allocator<_Tp>&) [with _InputIterator = __gnu_cxx::__normal_iterator<const double*, std::vector<double> >; _ForwardIterator = double*; _Tp = double]	24	static
stl_construct.h:127:5:void std::_Destroy(_ForwardIterator, _ForwardIterator) [with _ForwardIterator = double*]	16	static
stl_iterator.h:806:7:__gnu_cxx::__normal_iterator<_Iterator, _Container>::__normal_iterator(const _Iterator&) [with _Iterator = double*; _Container = std::vector<double>]	16	static
cpp_type_traits.h:428:5:_Iterator std::__miter_base(_Iterator) [with _Iterator = __gnu_cxx::__normal_iterator<const double*, std::vector<double> >]	16	static
stl_algobase.h:438:5:_OI std::__copy_move_a2(_II, _II, _OI) [with bool _IsMove = false; _II = __gnu_cxx::__normal_iterator<const double*, std::vector<double> >; _OI = __gnu_cxx::__normal_iterator<double*, std::vector<double> >]	32	static
stl_construct.h:127:5:void std::_Destroy(_ForwardIterator, _ForwardIterator) [with _ForwardIterator = __gnu_cxx::__normal_iterator<double*, std::vector<double> >]	16	static
cpp_type_traits.h:428:5:_Iterator std::__miter_base(_Iterator) [with _Iterator = double*]	16	static
stl_algobase.h:438:5:_OI std::__copy_move_a2(_II, _II, _OI) [with bool _IsMove = false; _II = double*; _OI = double*]	32	static
stl_uninitialized.h:115:5:_ForwardIterator std::uninitialized_copy(_InputIterator, _InputIterator, _ForwardIterator) [with _InputIterator = double*; _ForwardIterator = double*]	32	static
allocator.h:141:7:std::allocator< <template-parameter-1-1> >::allocator(const std::allocator< <template-parameter-1-1> >&) [with _Tp = double]	16	static
stl_vector.h:94:2:std::_Vector_base<_Tp, _Alloc>::_Vector_impl_data::_Vector_impl_data() [with _Tp = double; _Alloc = std::allocator<double>]	16	static
stl_iterator_base_types.h:205:5:constexpr typename std::iterator_traits<_Iterator>::iterator_category std::__iterator_category(const _Iter&) [with _Iter = const double*]	16	static
stl_iterator_base_funcs.h:98:5:constexpr typename std::iterator_traits<_Iterator>::difference_type std::__distance(_RandomAccessIterator, _RandomAccessIterator, std::random_access_iterator_tag) [with _RandomAccessIterator = const double*]	24	static
stl_vector.h:1773:7:static std::vector<_Tp, _Alloc>::size_type std::vector<_Tp, _Alloc>::_S_max_size(const _Tp_alloc_type&) [with _Tp = double; _Alloc = std::allocator<double>]	24	static
alloc_traits.h:443:7:static _Tp* std::allocator_traits<std::allocator<_Tp1> >::allocate(std::allocator_traits<std::allocator<_Tp1> >::allocator_type&, std::allocator_traits<std::allocator<_Tp1> >::size_type) [with _Tp = double]	16	static
stl_uninitialized.h:115:5:_ForwardIterator std::uninitialized_copy(_InputIterator, _InputIterator, _ForwardIterator) [with _InputIterator = const double*; _ForwardIterator = double*]	32	static
new_allocator.h:119:7:void __gnu_cxx::new_allocator<_Tp>::deallocate(__gnu_cxx::new_allocator<_Tp>::pointer, __gnu_cxx::new_allocator<_Tp>::size_type) [with _Tp = double]	24	static
stl_uninitialized.h:115:5:_ForwardIterator std::uninitialized_copy(_InputIterator, _InputIterator, _ForwardIterator) [with _InputIterator = __gnu_cxx::__normal_iterator<const double*, std::vector<double> >; _ForwardIterator = double*]	32	static
stl_construct.h:117:9:static void std::_Destroy_aux<true>::__destroy(_ForwardIterator, _ForwardIterator) [with _ForwardIterator = double*]	16	static
stl_iterator.h:1010:5:_Iterator std::__niter_base(__gnu_cxx::__normal_iterator<_Iterator, _Container>) [with _Iterator = const double*; _Container = std::vector<double>]	16	static
stl_iterator.h:1010:5:_Iterator std::__niter_base(__gnu_cxx::__normal_iterator<_Iterator, _Container>) [with _Iterator = double*; _Container = std::vector<double>]	16	static
stl_algobase.h:393:5:_OI std::__copy_move_a(_II, _II, _OI) [with bool _IsMove = false; _II = const double*; _OI = double*]	32	static
stl_algobase.h:289:5:_From std::__niter_wrap(_From, _To) [with _From = __gnu_cxx::__normal_iterator<double*, std::vector<double> >; _To = double*]	16	static
stl_construct.h:117:9:static void std::_Destroy_aux<true>::__destroy(_ForwardIterator, _ForwardIterator) [with _ForwardIterator = __gnu_cxx::__normal_iterator<double*, std::vector<double> >]	16	static
stl_algobase.h:280:5:_Iterator std::__niter_base(_Iterator) [with _Iterator = double*]	16	static
stl_algobase.h:393:5:_OI std::__copy_move_a(_II, _II, _OI) [with bool _IsMove = false; _II = double*; _OI = double*]	32	static
stl_algobase.h:295:5:_Iterator std::__niter_wrap(const _Iterator&, _Iterator) [with _Iterator = double*]	16	static
stl_uninitialized.h:99:9:static _ForwardIterator std::__uninitialized_copy<true>::__uninit_copy(_InputIterator, _InputIterator, _ForwardIterator) [with _InputIterator = double*; _ForwardIterator = double*]	24	static
new_allocator.h:83:7:__gnu_cxx::new_allocator<_Tp>::new_allocator(const __gnu_cxx::new_allocator<_Tp>&) [with _Tp = double]	16	static
alloc_traits.h:505:7:static std::allocator_traits<std::allocator<_Tp1> >::size_type std::allocator_traits<std::allocator<_Tp1> >::max_size(const allocator_type&) [with _Tp = double]	16	static
stl_algobase.h:198:5:constexpr const _Tp& std::min(const _Tp&, const _Tp&) [with _Tp = unsigned int]	16	static
new_allocator.h:102:7:_Tp* __gnu_cxx::new_allocator<_Tp>::allocate(__gnu_cxx::new_allocator<_Tp>::size_type, const void*) [with _Tp = double]	24	static
stl_uninitialized.h:99:9:static _ForwardIterator std::__uninitialized_copy<true>::__uninit_copy(_InputIterator, _InputIterator, _ForwardIterator) [with _InputIterator = const double*; _ForwardIterator = double*]	24	static
stl_uninitialized.h:99:9:static _ForwardIterator std::__uninitialized_copy<true>::__uninit_copy(_InputIterator, _InputIterator, _ForwardIterator) [with _InputIterator = __gnu_cxx::__normal_iterator<const double*, std::vector<double> >; _ForwardIterator = double*]	24	static
stl_iterator.h:871:7:const _Iterator& __gnu_cxx::__normal_iterator<_Iterator, _Container>::base() const [with _Iterator = const double*; _Container = std::vector<double>]	16	static
stl_iterator.h:871:7:const _Iterator& __gnu_cxx::__normal_iterator<_Iterator, _Container>::base() const [with _Iterator = double*; _Container = std::vector<double>]	16	static
stl_algobase.h:375:2:static _Tp* std::__copy_move<_IsMove, true, std::random_access_iterator_tag>::__copy_m(const _Tp*, const _Tp*, _Tp*) [with _Tp = double; bool _IsMove = false]	32	static
stl_iterator.h:859:7:__gnu_cxx::__normal_iterator<_Iterator, _Container> __gnu_cxx::__normal_iterator<_Iterator, _Container>::operator+(__gnu_cxx::__normal_iterator<_Iterator, _Container>::difference_type) const [with _Iterator = double*; _Container = std::vector<double>]	24	static
new_allocator.h:132:7:__gnu_cxx::new_allocator<_Tp>::size_type __gnu_cxx::new_allocator<_Tp>::max_size() const [with _Tp = double]	16	static
stl_algobase.h:465:5:_OI std::copy(_II, _II, _OI) [with _II = const double*; _OI = double*]	32	static
stl_algobase.h:465:5:_OI std::copy(_II, _II, _OI) [with _II = __gnu_cxx::__normal_iterator<const double*, std::vector<double> >; _OI = double*]	32	static
cpp_type_traits.h:428:5:_Iterator std::__miter_base(_Iterator) [with _Iterator = const double*]	16	static
stl_algobase.h:438:5:_OI std::__copy_move_a2(_II, _II, _OI) [with bool _IsMove = false; _II = const double*; _OI = double*]	32	static
stl_algobase.h:438:5:_OI std::__copy_move_a2(_II, _II, _OI) [with bool _IsMove = false; _II = __gnu_cxx::__normal_iterator<const double*, std::vector<double> >; _OI = double*]	32	static
stl_algobase.h:280:5:_Iterator std::__niter_base(_Iterator) [with _Iterator = const double*]	16	static
Kinematic.cpp:76:1:void __static_initialization_and_destruction_0(int, int)	136	static
stl_vector.h:675:7:std::vector<_Tp, _Alloc>::~vector() [with _Tp = double; _Alloc = std::allocator<double>]	24	static
Kinematic.cpp:76:1:cpp)	8	static
Kinematic.cpp:76:1:cpp)	8	static
