main.cpp:100:5:int main()	8	static
main.cpp:156:6:void SystemClock_Config()	88	static
main.cpp:200:13:void MX_ADC1_Init()	24	static
main.cpp:250:13:void MX_ADC2_Init()	24	static
main.cpp:300:13:void MX_TIM1_Init()	96	static
main.cpp:390:13:void MX_TIM2_Init()	32	static
main.cpp:435:13:void MX_UART4_Init()	8	static
main.cpp:468:13:void MX_USART1_UART_Init()	8	static
main.cpp:501:13:void MX_USART2_UART_Init()	8	static
main.cpp:534:13:void MX_USART3_UART_Init()	8	static
main.cpp:565:13:void MX_DMA_Init()	16	static
main.cpp:611:13:void MX_GPIO_Init()	56	static
main.cpp:738:6:void Error_Handler()	4	static,ignoring_inline_asm
