DataStruct.h:15:8:STM32::STM32()	16	static
IMU_GY25.h:14:7:IMU_GY25::IMU_GY25()	16	static
mainpp.cpp:55:6:void init()	24	static
mainpp.cpp:84:6:void loop()	8	static
mainpp.cpp:100:6:void HAL_UARTEx_RxEventCallback(UART_HandleTypeDef*, uint16_t)	16	static
mainpp.cpp:113:6:void receiveData(uint8_t*, uint32_t)	16	static
mainpp.cpp:119:6:void SendDatatoPC()	16	static
mainpp.cpp:146:6:void TakeEncoder()	8	static
mainpp.cpp:156:6:void IMU_RX_Interrupt_Start()	8	static
mainpp.cpp:160:1:void __static_initialization_and_destruction_0(int, int)	16	static
mainpp.cpp:160:1:cpp)	8	static
