stm32f4xx_it.cpp:98:6:void NMI_Handler()	4	static
stm32f4xx_it.cpp:113:6:void HardFault_Handler()	4	static
stm32f4xx_it.cpp:128:6:void MemManage_Handler()	4	static
stm32f4xx_it.cpp:143:6:void BusFault_Handler()	4	static
stm32f4xx_it.cpp:158:6:void UsageFault_Handler()	4	static
stm32f4xx_it.cpp:173:6:void SVC_Handler()	4	static
stm32f4xx_it.cpp:186:6:void DebugMon_Handler()	4	static
stm32f4xx_it.cpp:199:6:void PendSV_Handler()	4	static
stm32f4xx_it.cpp:212:6:void SysTick_Handler()	8	static
stm32f4xx_it.cpp:233:6:void EXTI1_IRQHandler()	8	static
stm32f4xx_it.cpp:247:6:void EXTI3_IRQHandler()	8	static
stm32f4xx_it.cpp:261:6:void EXTI4_IRQHandler()	8	static
stm32f4xx_it.cpp:275:6:void DMA1_Stream1_IRQHandler()	8	static
stm32f4xx_it.cpp:289:6:void DMA1_Stream2_IRQHandler()	8	static
stm32f4xx_it.cpp:303:6:void DMA1_Stream3_IRQHandler()	8	static
stm32f4xx_it.cpp:317:6:void DMA1_Stream4_IRQHandler()	8	static
stm32f4xx_it.cpp:331:6:void DMA1_Stream5_IRQHandler()	8	static
stm32f4xx_it.cpp:345:6:void DMA1_Stream6_IRQHandler()	8	static
stm32f4xx_it.cpp:359:6:void ADC_IRQHandler()	8	static
stm32f4xx_it.cpp:374:6:void EXTI9_5_IRQHandler()	8	static
stm32f4xx_it.cpp:388:6:void TIM1_UP_TIM10_IRQHandler()	8	static
stm32f4xx_it.cpp:403:6:void TIM2_IRQHandler()	8	static
stm32f4xx_it.cpp:417:6:void USART1_IRQHandler()	8	static
stm32f4xx_it.cpp:431:6:void USART2_IRQHandler()	8	static
stm32f4xx_it.cpp:445:6:void USART3_IRQHandler()	8	static
stm32f4xx_it.cpp:459:6:void UART4_IRQHandler()	8	static
stm32f4xx_it.cpp:473:6:void DMA2_Stream0_IRQHandler()	8	static
stm32f4xx_it.cpp:487:6:void DMA2_Stream2_IRQHandler()	8	static
stm32f4xx_it.cpp:501:6:void OTG_FS_IRQHandler()	8	static
stm32f4xx_it.cpp:515:6:void DMA2_Stream5_IRQHandler()	8	static
stm32f4xx_it.cpp:529:6:void DMA2_Stream7_IRQHandler()	8	static
